<?xml version="1.0"?>
<link_info>
   <banner>TMS320C6x Linker PC v7.4.23</banner>
   <copyright>Copyright (c) 1996-2017 Texas Instruments Incorporated</copyright>
   <link_time>0x5e2879c9</link_time>
   <output_file>Sine_wave_generator.out</output_file>
   <entry_point>
      <name>_c_int00</name>
      <address>0xa1a0</address>
   </entry_point>
   <input_file_list>
      <input_file id="fl-2">
         <path>.\</path>
         <kind>object</kind>
         <file>dsp_bios_cfg.obj</file>
         <name>dsp_bios_cfg.obj</name>
      </input_file>
      <input_file id="fl-3">
         <path>.\</path>
         <kind>object</kind>
         <file>dsp_bios_cfg_c.obj</file>
         <name>dsp_bios_cfg_c.obj</name>
      </input_file>
      <input_file id="fl-4">
         <path>.\</path>
         <kind>object</kind>
         <file>sine.obj</file>
         <name>sine.obj</name>
      </input_file>
      <input_file id="fl-12">
         <path>C:\ti\bios_5_42_02_10\packages\ti\bios\lib\</path>
         <kind>archive</kind>
         <file>biosC6000.a67</file>
         <name>clk_htime.o67</name>
      </input_file>
      <input_file id="fl-13">
         <path>C:\ti\bios_5_42_02_10\packages\ti\bios\lib\</path>
         <kind>archive</kind>
         <file>bios.a67</file>
         <name>biosdata.o67</name>
      </input_file>
      <input_file id="fl-14">
         <path>C:\ti\bios_5_42_02_10\packages\ti\bios\lib\</path>
         <kind>archive</kind>
         <file>bios.a67</file>
         <name>hwi_disp_asm.o67</name>
      </input_file>
      <input_file id="fl-15">
         <path>C:\ti\bios_5_42_02_10\packages\ti\bios\lib\</path>
         <kind>archive</kind>
         <file>bios.a67</file>
         <name>idl_stub.o67</name>
      </input_file>
      <input_file id="fl-16">
         <path>C:\ti\bios_5_42_02_10\packages\ti\bios\lib\</path>
         <kind>archive</kind>
         <file>lnkrtdx.a67</file>
         <name>rtdx.o67</name>
      </input_file>
      <input_file id="fl-17">
         <path>C:\ti\bios_5_42_02_10\packages\ti\bios\lib\</path>
         <kind>archive</kind>
         <file>bios.a67</file>
         <name>swi.o67</name>
      </input_file>
      <input_file id="fl-18">
         <path>C:\ti\bios_5_42_02_10\packages\ti\bios\lib\</path>
         <kind>archive</kind>
         <file>bios.a67</file>
         <name>fxn_c.o67</name>
      </input_file>
      <input_file id="fl-19">
         <path>C:\ti\bios_5_42_02_10\packages\ti\bios\lib\</path>
         <kind>archive</kind>
         <file>bios.a67</file>
         <name>gbl_cslpllinit62.o67</name>
      </input_file>
      <input_file id="fl-1a">
         <path>C:\ti\bios_5_42_02_10\packages\ti\bios\lib\</path>
         <kind>archive</kind>
         <file>bios.a67</file>
         <name>knl_tick.o67</name>
      </input_file>
      <input_file id="fl-1b">
         <path>C:\ti\bios_5_42_02_10\packages\ti\bios\lib\</path>
         <kind>archive</kind>
         <file>bios.a67</file>
         <name>utl_doab.o67</name>
      </input_file>
      <input_file id="fl-1c">
         <path>C:\ti\bios_5_42_02_10\packages\ti\bios\lib\</path>
         <kind>archive</kind>
         <file>bios.a67</file>
         <name>utl_doer.o67</name>
      </input_file>
      <input_file id="fl-1d">
         <path>C:\ti\bios_5_42_02_10\packages\ti\bios\lib\</path>
         <kind>archive</kind>
         <file>bios.a67</file>
         <name>utl_putc.o67</name>
      </input_file>
      <input_file id="fl-1e">
         <path>C:\ti\bios_5_42_02_10\packages\ti\bios\lib\</path>
         <kind>archive</kind>
         <file>bios.a67</file>
         <name>utl_halt.o67</name>
      </input_file>
      <input_file id="fl-1f">
         <path>C:\ti\bios_5_42_02_10\packages\ti\bios\lib\</path>
         <kind>archive</kind>
         <file>biosC6000.a67</file>
         <name>clk.o67</name>
      </input_file>
      <input_file id="fl-20">
         <path>C:\ti\bios_5_42_02_10\packages\ti\bios\lib\</path>
         <kind>archive</kind>
         <file>bios.a67</file>
         <name>fxn.o67</name>
      </input_file>
      <input_file id="fl-21">
         <path>C:\ti\bios_5_42_02_10\packages\ti\bios\lib\</path>
         <kind>archive</kind>
         <file>bios.a67</file>
         <name>boot.o67</name>
      </input_file>
      <input_file id="fl-22">
         <path>C:\ti\bios_5_42_02_10\packages\ti\bios\lib\</path>
         <kind>archive</kind>
         <file>bios.a67</file>
         <name>trc.o67</name>
      </input_file>
      <input_file id="fl-23">
         <path>C:\ti\bios_5_42_02_10\packages\ti\bios\lib\</path>
         <kind>archive</kind>
         <file>bios.a67</file>
         <name>hwi.o67</name>
      </input_file>
      <input_file id="fl-24">
         <path>C:\ti\bios_5_42_02_10\packages\ti\bios\lib\</path>
         <kind>archive</kind>
         <file>bios.a67</file>
         <name>idl_busy.o67</name>
      </input_file>
      <input_file id="fl-25">
         <path>C:\ti\bios_5_42_02_10\packages\ti\bios\lib\</path>
         <kind>archive</kind>
         <file>biosC6000.a67</file>
         <name>idl_cal.o67</name>
      </input_file>
      <input_file id="fl-26">
         <path>C:\ti\bios_5_42_02_10\packages\ti\bios\lib\</path>
         <kind>archive</kind>
         <file>bios.a67</file>
         <name>idl.o67</name>
      </input_file>
      <input_file id="fl-27">
         <path>C:\ti\bios_5_42_02_10\packages\ti\bios\lib\</path>
         <kind>archive</kind>
         <file>bios.a67</file>
         <name>knl_swit.o67</name>
      </input_file>
      <input_file id="fl-28">
         <path>C:\ti\bios_5_42_02_10\packages\ti\bios\lib\</path>
         <kind>archive</kind>
         <file>bios.a67</file>
         <name>log.o67</name>
      </input_file>
      <input_file id="fl-29">
         <path>C:\ti\bios_5_42_02_10\packages\ti\bios\lib\</path>
         <kind>archive</kind>
         <file>bios.a67</file>
         <name>pip.o67</name>
      </input_file>
      <input_file id="fl-2a">
         <path>C:\ti\bios_5_42_02_10\packages\ti\bios\lib\</path>
         <kind>archive</kind>
         <file>bios.a67</file>
         <name>prd.o67</name>
      </input_file>
      <input_file id="fl-2b">
         <path>C:\ti\bios_5_42_02_10\packages\ti\bios\lib\</path>
         <kind>archive</kind>
         <file>bios.a67</file>
         <name>rta.o67</name>
      </input_file>
      <input_file id="fl-2c">
         <path>C:\ti\bios_5_42_02_10\packages\ti\bios\lib\</path>
         <kind>archive</kind>
         <file>bios.a67</file>
         <name>rta_andn.o67</name>
      </input_file>
      <input_file id="fl-2d">
         <path>C:\ti\bios_5_42_02_10\packages\ti\bios\lib\</path>
         <kind>archive</kind>
         <file>bios.a67</file>
         <name>sts.o67</name>
      </input_file>
      <input_file id="fl-2e">
         <path>C:\ti\bios_5_42_02_10\packages\ti\bios\lib\</path>
         <kind>archive</kind>
         <file>bios.a67</file>
         <name>clk_data.o67</name>
      </input_file>
      <input_file id="fl-2f">
         <path>C:\ti\bios_5_42_02_10\packages\ti\bios\lib\</path>
         <kind>archive</kind>
         <file>bios.a67</file>
         <name>clk_data2.o67</name>
      </input_file>
      <input_file id="fl-30">
         <path>C:\ti\bios_5_42_02_10\packages\ti\bios\lib\</path>
         <kind>archive</kind>
         <file>biosC6000.a67</file>
         <name>clk_meas.o67</name>
      </input_file>
      <input_file id="fl-31">
         <path>C:\ti\bios_5_42_02_10\packages\ti\bios\lib\</path>
         <kind>archive</kind>
         <file>biosC6000.a67</file>
         <name>clk_start.o67</name>
      </input_file>
      <input_file id="fl-32">
         <path>C:\ti\bios_5_42_02_10\packages\ti\bios\lib\</path>
         <kind>archive</kind>
         <file>biosC6000.a67</file>
         <name>clk_stop.o67</name>
      </input_file>
      <input_file id="fl-33">
         <path>C:\ti\ccsv8\C6000\dsk6713\lib\</path>
         <kind>archive</kind>
         <file>dsk6713bslccsv4.lib</file>
         <name>dsk6713_aic23_opencodec.obj</name>
      </input_file>
      <input_file id="fl-34">
         <path>C:\ti\ccsv8\C6000\dsk6713\lib\</path>
         <kind>archive</kind>
         <file>dsk6713bslccsv4.lib</file>
         <name>dsk6713_aic23_registers.obj</name>
      </input_file>
      <input_file id="fl-35">
         <path>C:\ti\ccsv8\C6000\dsk6713\lib\</path>
         <kind>archive</kind>
         <file>dsk6713bslccsv4.lib</file>
         <name>dsk6713_aic23_setfreq.obj</name>
      </input_file>
      <input_file id="fl-36">
         <path>C:\ti\ccsv8\C6000\dsk6713\lib\</path>
         <kind>archive</kind>
         <file>dsk6713bslccsv4.lib</file>
         <name>dsk6713_aic23_write.obj</name>
      </input_file>
      <input_file id="fl-37">
         <path>C:\ti\ccsv8\C6000\dsk6713\lib\</path>
         <kind>archive</kind>
         <file>dsk6713bslccsv4.lib</file>
         <name>dsk6713.obj</name>
      </input_file>
      <input_file id="fl-38">
         <path>C:\ti\bios_5_42_02_10\packages\ti\bios\lib\</path>
         <kind>archive</kind>
         <file>bios.a67</file>
         <name>gbl_cslcacheinit.o67</name>
      </input_file>
      <input_file id="fl-39">
         <path>C:\ti\bios_5_42_02_10\packages\ti\bios\lib\</path>
         <kind>archive</kind>
         <file>bios.a67</file>
         <name>gbl_vers.o67</name>
      </input_file>
      <input_file id="fl-3a">
         <path>C:\ti\bios_5_42_02_10\packages\ti\bios\lib\</path>
         <kind>archive</kind>
         <file>bios.a67</file>
         <name>hwi_c.o67</name>
      </input_file>
      <input_file id="fl-3b">
         <path>C:\ti\bios_5_42_02_10\packages\ti\bios\lib\</path>
         <kind>archive</kind>
         <file>bios.a67</file>
         <name>knl.o67</name>
      </input_file>
      <input_file id="fl-3c">
         <path>C:\ti\bios_5_42_02_10\packages\ti\bios\lib\</path>
         <kind>archive</kind>
         <file>bios.a67</file>
         <name>knl_exit.o67</name>
      </input_file>
      <input_file id="fl-3d">
         <path>C:\ti\bios_5_42_02_10\packages\ti\bios\lib\</path>
         <kind>archive</kind>
         <file>bios.a67</file>
         <name>knl_chec.o67</name>
      </input_file>
      <input_file id="fl-3e">
         <path>C:\ti\bios_5_42_02_10\packages\ti\bios\lib\</path>
         <kind>archive</kind>
         <file>bios.a67</file>
         <name>knl_post.o67</name>
      </input_file>
      <input_file id="fl-3f">
         <path>C:\ti\bios_5_42_02_10\packages\ti\bios\lib\</path>
         <kind>archive</kind>
         <file>bios.a67</file>
         <name>knl_ipos.o67</name>
      </input_file>
      <input_file id="fl-40">
         <path>C:\ti\bios_5_42_02_10\packages\ti\bios\lib\</path>
         <kind>archive</kind>
         <file>bios.a67</file>
         <name>knl_run.o67</name>
      </input_file>
      <input_file id="fl-41">
         <path>C:\ti\ccsv8\C6000\csl\lib\</path>
         <kind>archive</kind>
         <file>csl6713.lib</file>
         <name>csl_mcbsp.obj</name>
      </input_file>
      <input_file id="fl-42">
         <path>C:\ti\bios_5_42_02_10\packages\ti\bios\lib\</path>
         <kind>archive</kind>
         <file>bios.a67</file>
         <name>obj_init.o67</name>
      </input_file>
      <input_file id="fl-43">
         <path>C:\ti\bios_5_42_02_10\packages\ti\rtdx\lib\c6000\</path>
         <kind>archive</kind>
         <file>rtdx.lib</file>
         <name>buffer2.o62</name>
      </input_file>
      <input_file id="fl-44">
         <path>C:\ti\bios_5_42_02_10\packages\ti\rtdx\lib\c6000\</path>
         <kind>archive</kind>
         <file>rtdx.lib</file>
         <name>buffer1.o62</name>
      </input_file>
      <input_file id="fl-45">
         <path>C:\ti\bios_5_42_02_10\packages\ti\rtdx\lib\c6000\</path>
         <kind>archive</kind>
         <file>rtdx.lib</file>
         <name>intr_tgt.o62</name>
      </input_file>
      <input_file id="fl-46">
         <path>C:\ti\bios_5_42_02_10\packages\ti\rtdx\lib\c6000\</path>
         <kind>archive</kind>
         <file>rtdx.lib</file>
         <name>rtdx_mon.o62</name>
      </input_file>
      <input_file id="fl-47">
         <path>C:\ti\bios_5_42_02_10\packages\ti\bios\lib\</path>
         <kind>archive</kind>
         <file>bios.a67</file>
         <name>sts_set.o67</name>
      </input_file>
      <input_file id="fl-48">
         <path>C:\ti\bios_5_42_02_10\packages\ti\bios\lib\</path>
         <kind>archive</kind>
         <file>bios.a67</file>
         <name>tsk.o67</name>
      </input_file>
      <input_file id="fl-49">
         <path>C:\ti\bios_5_42_02_10\packages\ti\bios\lib\</path>
         <kind>archive</kind>
         <file>bios.a67</file>
         <name>tsk_exit.o67</name>
      </input_file>
      <input_file id="fl-4a">
         <path>C:\ti\bios_5_42_02_10\packages\ti\bios\lib\</path>
         <kind>archive</kind>
         <file>bios.a67</file>
         <name>sys_exit.o67</name>
      </input_file>
      <input_file id="fl-4b">
         <path>C:\ti\bios_5_42_02_10\packages\ti\bios\lib\</path>
         <kind>archive</kind>
         <file>bios.a67</file>
         <name>sys.o67</name>
      </input_file>
      <input_file id="fl-4c">
         <path>C:\ti\bios_5_42_02_10\packages\ti\bios\lib\</path>
         <kind>archive</kind>
         <file>bios.a67</file>
         <name>tsk_init.o67</name>
      </input_file>
      <input_file id="fl-4d">
         <path>C:\ti\bios_5_42_02_10\packages\ti\bios\lib\</path>
         <kind>archive</kind>
         <file>bios.a67</file>
         <name>tsk_setu.o67</name>
      </input_file>
      <input_file id="fl-4e">
         <path>C:\ti\bios_5_42_02_10\packages\ti\bios\lib\</path>
         <kind>archive</kind>
         <file>bios.a67</file>
         <name>tsk_stup.o67</name>
      </input_file>
      <input_file id="fl-4f">
         <path>C:\ti\bios_5_42_02_10\packages\ti\bios\lib\</path>
         <kind>archive</kind>
         <file>bios.a67</file>
         <name>lck.o67</name>
      </input_file>
      <input_file id="fl-50">
         <path>C:\ti\bios_5_42_02_10\packages\ti\bios\lib\</path>
         <kind>archive</kind>
         <file>bios.a67</file>
         <name>sem_pend_counting.o67</name>
      </input_file>
      <input_file id="fl-51">
         <path>C:\ti\bios_5_42_02_10\packages\ti\bios\lib\</path>
         <kind>archive</kind>
         <file>bios.a67</file>
         <name>sem_pend.o67</name>
      </input_file>
      <input_file id="fl-52">
         <path>C:\ti\bios_5_42_02_10\packages\ti\bios\lib\</path>
         <kind>archive</kind>
         <file>bios.a67</file>
         <name>sem_post_asm.o67</name>
      </input_file>
      <input_file id="fl-53">
         <path>C:\ti\bios_5_42_02_10\packages\ti\bios\lib\</path>
         <kind>archive</kind>
         <file>bios.a67</file>
         <name>sem_post.o67</name>
      </input_file>
      <input_file id="fl-54">
         <path>C:\ti\bios_5_42_02_10\packages\ti\bios\lib\</path>
         <kind>archive</kind>
         <file>bios.a67</file>
         <name>sys_abor.o67</name>
      </input_file>
      <input_file id="fl-55">
         <path>C:\ti\bios_5_42_02_10\packages\ti\bios\lib\</path>
         <kind>archive</kind>
         <file>bios.a67</file>
         <name>gbl_setL2CacheMode.o67</name>
      </input_file>
      <input_file id="fl-56">
         <path>C:\ti\ccsv8\C6000\csl\lib\</path>
         <kind>archive</kind>
         <file>csl6713.lib</file>
         <name>csl_irq.obj</name>
      </input_file>
      <input_file id="fl-57">
         <path>C:\ti\bios_5_42_02_10\packages\ti\bios\lib\</path>
         <kind>archive</kind>
         <file>bios.a67</file>
         <name>sem_dopo.o67</name>
      </input_file>
      <input_file id="fl-58">
         <path>C:\ti\bios_5_42_02_10\packages\ti\bios\lib\</path>
         <kind>archive</kind>
         <file>bios.a67</file>
         <name>autoinit.o67</name>
      </input_file>
      <input_file id="fl-59">
         <path>C:\ti\ccsv8\tools\compiler\c6000_7.4.23\lib\</path>
         <kind>archive</kind>
         <file>rts6700.lib</file>
         <name>divd.obj</name>
      </input_file>
      <input_file id="fl-5a">
         <path>C:\ti\ccsv8\tools\compiler\c6000_7.4.23\lib\</path>
         <kind>archive</kind>
         <file>rts6700.lib</file>
         <name>divf.obj</name>
      </input_file>
      <input_file id="fl-5b">
         <path>C:\ti\ccsv8\tools\compiler\c6000_7.4.23\lib\</path>
         <kind>archive</kind>
         <file>rts6700.lib</file>
         <name>frcmpyd_div.obj</name>
      </input_file>
      <input_file id="fl-5c">
         <path>C:\ti\ccsv8\tools\compiler\c6000_7.4.23\lib\</path>
         <kind>archive</kind>
         <file>rts6700.lib</file>
         <name>llshift.obj</name>
      </input_file>
      <input_file id="fl-5d">
         <path>C:\ti\ccsv8\tools\compiler\c6000_7.4.23\lib\</path>
         <kind>archive</kind>
         <file>rts6700.lib</file>
         <name>mpyll.obj</name>
      </input_file>
      <input_file id="fl-5e">
         <path>C:\ti\ccsv8\tools\compiler\c6000_7.4.23\lib\</path>
         <kind>archive</kind>
         <file>rts6700.lib</file>
         <name>_lock.obj</name>
      </input_file>
      <input_file id="fl-5f">
         <path>C:\ti\ccsv8\tools\compiler\c6000_7.4.23\lib\</path>
         <kind>archive</kind>
         <file>rts6700.lib</file>
         <name>strasg.obj</name>
      </input_file>
      <input_file id="fl-60">
         <path>C:\ti\ccsv8\tools\compiler\c6000_7.4.23\lib\</path>
         <kind>archive</kind>
         <file>rts6700.lib</file>
         <name>atexit.obj</name>
      </input_file>
      <input_file id="fl-61">
         <path>C:\ti\ccsv8\tools\compiler\c6000_7.4.23\lib\</path>
         <kind>archive</kind>
         <file>rts6700.lib</file>
         <name>sinit.obj</name>
      </input_file>
      <input_file id="fl-62">
         <path>C:\ti\ccsv8\tools\compiler\c6000_7.4.23\lib\</path>
         <kind>archive</kind>
         <file>rts6700.lib</file>
         <name>exit.obj</name>
      </input_file>
      <input_file id="fl-63">
         <path>C:\ti\ccsv8\C6000\dsk6713\lib\</path>
         <kind>archive</kind>
         <file>dsk6713bslccsv4.lib</file>
         <name>helper_functions_polling.obj</name>
      </input_file>
      <input_file id="fl-64">
         <path>C:\ti\ccsv8\C6000\dsk6713\lib\</path>
         <kind>archive</kind>
         <file>dsk6713bslccsv4.lib</file>
         <name>dsk6713_aic23_closecodec.obj</name>
      </input_file>
      <input_file id="fl-65">
         <path>C:\ti\ccsv8\tools\compiler\c6000_7.4.23\lib\</path>
         <kind>archive</kind>
         <file>rts6700.lib</file>
         <name>memcpy62.obj</name>
      </input_file>
      <input_file id="fl-66">
         <path>C:\ti\ccsv8\tools\compiler\c6000_7.4.23\lib\</path>
         <kind>archive</kind>
         <file>rts6700.lib</file>
         <name>sin.obj</name>
      </input_file>
      <input_file id="fl-67">
         <path>C:\ti\ccsv8\tools\compiler\c6000_7.4.23\lib\</path>
         <kind>archive</kind>
         <file>rts6700.lib</file>
         <name>round.obj</name>
      </input_file>
      <input_file id="fl-68">
         <path>C:\ti\ccsv8\tools\compiler\c6000_7.4.23\lib\</path>
         <kind>archive</kind>
         <file>rts6700.lib</file>
         <name>trunc.obj</name>
      </input_file>
      <input_file id="fl-69">
         <path>C:\ti\ccsv8\tools\compiler\c6000_7.4.23\lib\</path>
         <kind>archive</kind>
         <file>rts6700.lib</file>
         <name>modf.obj</name>
      </input_file>
   </input_file_list>
   <object_component_list>
      <object_component id="oc-5d">
         <name>.vers</name>
         <load_address>0x0</load_address>
         <run_address>0x0</run_address>
         <size>0x40</size>
         <input_file_ref idref="fl-2"/>
      </object_component>
      <object_component id="oc-4d">
         <name>.clk</name>
         <uninitialized>true</uninitialized>
         <run_address>0xb5dc</run_address>
         <size>0x8</size>
         <input_file_ref idref="fl-2"/>
      </object_component>
      <object_component id="oc-7">
         <name>HWI_A_VECS</name>
         <load_address>0x0</load_address>
         <run_address>0x0</run_address>
         <size>0x0</size>
      </object_component>
      <object_component id="oc-52">
         <name>.hwi_vec</name>
         <load_address>0x0</load_address>
         <run_address>0x0</run_address>
         <size>0x200</size>
         <input_file_ref idref="fl-2"/>
      </object_component>
      <object_component id="oc-53">
         <name>.swi</name>
         <uninitialized>true</uninitialized>
         <run_address>0xb534</run_address>
         <size>0x2c</size>
         <input_file_ref idref="fl-2"/>
      </object_component>
      <object_component id="oc-56">
         <name>.tsk</name>
         <uninitialized>true</uninitialized>
         <run_address>0xb064</run_address>
         <size>0x60</size>
         <input_file_ref idref="fl-2"/>
      </object_component>
      <object_component id="oc-59">
         <name>.idl</name>
         <uninitialized>true</uninitialized>
         <run_address>0xb5a0</run_address>
         <size>0x10</size>
         <input_file_ref idref="fl-2"/>
      </object_component>
      <object_component id="oc-58">
         <name>.idlcal</name>
         <uninitialized>true</uninitialized>
         <run_address>0xb5b0</run_address>
         <size>0x10</size>
         <input_file_ref idref="fl-2"/>
      </object_component>
      <object_component id="oc-48">
         <name>.bss</name>
         <uninitialized>true</uninitialized>
         <run_address>0xadec</run_address>
         <size>0x18</size>
         <input_file_ref idref="fl-2"/>
      </object_component>
      <object_component id="oc-63">
         <name>.bss</name>
         <uninitialized>true</uninitialized>
         <run_address>0xadb0</run_address>
         <size>0x24</size>
         <input_file_ref idref="fl-4"/>
      </object_component>
      <object_component id="oc-6d">
         <name>.bss</name>
         <uninitialized>true</uninitialized>
         <run_address>0xac00</run_address>
         <size>0xcc</size>
         <input_file_ref idref="fl-13"/>
      </object_component>
      <object_component id="oc-6f">
         <name>.bss</name>
         <uninitialized>true</uninitialized>
         <run_address>0xab00</run_address>
         <size>0x100</size>
         <input_file_ref idref="fl-14"/>
      </object_component>
      <object_component id="oc-76">
         <name>.bss</name>
         <uninitialized>true</uninitialized>
         <run_address>0xae04</run_address>
         <size>0x18</size>
         <input_file_ref idref="fl-16"/>
      </object_component>
      <object_component id="oc-7c">
         <name>.bss</name>
         <uninitialized>true</uninitialized>
         <run_address>0xaccc</run_address>
         <size>0x9c</size>
         <input_file_ref idref="fl-17"/>
      </object_component>
      <object_component id="oc-aa">
         <name>.bss</name>
         <uninitialized>true</uninitialized>
         <run_address>0xadd4</run_address>
         <size>0x18</size>
         <input_file_ref idref="fl-23"/>
      </object_component>
      <object_component id="oc-ac">
         <name>.bss</name>
         <uninitialized>true</uninitialized>
         <run_address>0xae58</run_address>
         <size>0x4</size>
         <input_file_ref idref="fl-24"/>
      </object_component>
      <object_component id="oc-d8">
         <name>.bss</name>
         <uninitialized>true</uninitialized>
         <run_address>0xae38</run_address>
         <size>0x8</size>
         <input_file_ref idref="fl-2e"/>
      </object_component>
      <object_component id="oc-db">
         <name>.bss</name>
         <uninitialized>true</uninitialized>
         <run_address>0xae50</run_address>
         <size>0x4</size>
         <input_file_ref idref="fl-2f"/>
      </object_component>
      <object_component id="oc-ea">
         <name>.bss</name>
         <uninitialized>true</uninitialized>
         <run_address>0xae48</run_address>
         <size>0x8</size>
         <input_file_ref idref="fl-33"/>
      </object_component>
      <object_component id="oc-100">
         <name>.bss</name>
         <uninitialized>true</uninitialized>
         <run_address>0xae60</run_address>
         <size>0x2</size>
         <input_file_ref idref="fl-37"/>
      </object_component>
      <object_component id="oc-112">
         <name>.bss</name>
         <uninitialized>true</uninitialized>
         <run_address>0xad68</run_address>
         <size>0x48</size>
         <input_file_ref idref="fl-3b"/>
      </object_component>
      <object_component id="oc-139">
         <name>.bss</name>
         <uninitialized>true</uninitialized>
         <run_address>0xae1c</run_address>
         <size>0x10</size>
         <input_file_ref idref="fl-44"/>
      </object_component>
      <object_component id="oc-14d">
         <name>.bss</name>
         <uninitialized>true</uninitialized>
         <run_address>0xae2c</run_address>
         <size>0xc</size>
         <input_file_ref idref="fl-48"/>
      </object_component>
      <object_component id="oc-15b">
         <name>.bss</name>
         <uninitialized>true</uninitialized>
         <run_address>0xae40</run_address>
         <size>0x8</size>
         <input_file_ref idref="fl-4b"/>
      </object_component>
      <object_component id="oc-188">
         <name>.bss</name>
         <uninitialized>true</uninitialized>
         <run_address>0xae54</run_address>
         <size>0x4</size>
         <input_file_ref idref="fl-55"/>
      </object_component>
      <object_component id="oc-1c2">
         <name>.bss</name>
         <uninitialized>true</uninitialized>
         <run_address>0xae5c</run_address>
         <size>0x4</size>
         <input_file_ref idref="fl-63"/>
      </object_component>
      <object_component id="oc-66">
         <name>.far</name>
         <uninitialized>true</uninitialized>
         <run_address>0x90e0</run_address>
         <size>0x438</size>
         <input_file_ref idref="fl-4"/>
      </object_component>
      <object_component id="oc-89">
         <name>.far</name>
         <uninitialized>true</uninitialized>
         <run_address>0x9a50</run_address>
         <size>0x10</size>
         <input_file_ref idref="fl-1a"/>
      </object_component>
      <object_component id="oc-96">
         <name>.far</name>
         <uninitialized>true</uninitialized>
         <run_address>0x9a60</run_address>
         <size>0xc</size>
         <input_file_ref idref="fl-1d"/>
      </object_component>
      <object_component id="oc-f2">
         <name>.far</name>
         <uninitialized>true</uninitialized>
         <run_address>0x99e8</run_address>
         <size>0x28</size>
         <input_file_ref idref="fl-34"/>
      </object_component>
      <object_component id="oc-f8">
         <name>.far</name>
         <uninitialized>true</uninitialized>
         <run_address>0x9a30</run_address>
         <size>0x20</size>
         <input_file_ref idref="fl-35"/>
      </object_component>
      <object_component id="oc-115">
         <name>.far</name>
         <uninitialized>true</uninitialized>
         <run_address>0x9794</run_address>
         <size>0xd8</size>
         <input_file_ref idref="fl-3b"/>
      </object_component>
      <object_component id="oc-12c">
         <name>.far</name>
         <uninitialized>true</uninitialized>
         <run_address>0x99b0</run_address>
         <size>0x38</size>
         <input_file_ref idref="fl-41"/>
      </object_component>
      <object_component id="oc-132">
         <name>.far</name>
         <uninitialized>true</uninitialized>
         <run_address>0x98c8</run_address>
         <size>0x54</size>
         <input_file_ref idref="fl-42"/>
      </object_component>
      <object_component id="oc-150">
         <name>.far</name>
         <uninitialized>true</uninitialized>
         <run_address>0x986c</run_address>
         <size>0x5c</size>
         <input_file_ref idref="fl-48"/>
      </object_component>
      <object_component id="oc-15e">
         <name>.far</name>
         <uninitialized>true</uninitialized>
         <run_address>0x9a10</run_address>
         <size>0x20</size>
         <input_file_ref idref="fl-4b"/>
      </object_component>
      <object_component id="oc-16b">
         <name>.far</name>
         <uninitialized>true</uninitialized>
         <run_address>0x991c</run_address>
         <size>0x50</size>
         <input_file_ref idref="fl-4e"/>
      </object_component>
      <object_component id="oc-190">
         <name>.far</name>
         <uninitialized>true</uninitialized>
         <run_address>0x96a0</run_address>
         <size>0xf4</size>
         <input_file_ref idref="fl-56"/>
      </object_component>
      <object_component id="oc-1ad">
         <name>.far</name>
         <uninitialized>true</uninitialized>
         <run_address>0x9a78</run_address>
         <size>0x8</size>
         <input_file_ref idref="fl-5e"/>
      </object_component>
      <object_component id="oc-1b5">
         <name>.far</name>
         <uninitialized>true</uninitialized>
         <run_address>0x9518</run_address>
         <size>0x188</size>
         <input_file_ref idref="fl-60"/>
      </object_component>
      <object_component id="oc-1ba">
         <name>.far</name>
         <uninitialized>true</uninitialized>
         <run_address>0x996c</run_address>
         <size>0x4</size>
         <input_file_ref idref="fl-61"/>
      </object_component>
      <object_component id="oc-1bf">
         <name>.far</name>
         <uninitialized>true</uninitialized>
         <run_address>0x9a6c</run_address>
         <size>0xc</size>
         <input_file_ref idref="fl-62"/>
      </object_component>
      <object_component id="oc-1d1">
         <name>.far</name>
         <uninitialized>true</uninitialized>
         <run_address>0x9970</run_address>
         <size>0x40</size>
         <input_file_ref idref="fl-66"/>
      </object_component>
      <object_component id="oc-78">
         <name>.bios</name>
         <load_address>0x200</load_address>
         <run_address>0x200</run_address>
         <size>0x600</size>
         <input_file_ref idref="fl-16"/>
      </object_component>
      <object_component id="oc-18b">
         <name>.bios</name>
         <load_address>0x800</load_address>
         <run_address>0x800</run_address>
         <size>0x5e0</size>
         <input_file_ref idref="fl-55"/>
      </object_component>
      <object_component id="oc-40">
         <name>.bios</name>
         <load_address>0xde0</load_address>
         <run_address>0xde0</run_address>
         <size>0x540</size>
         <input_file_ref idref="fl-17"/>
      </object_component>
      <object_component id="oc-41">
         <name>.bios</name>
         <load_address>0x1320</load_address>
         <run_address>0x1320</run_address>
         <size>0x460</size>
         <input_file_ref idref="fl-14"/>
      </object_component>
      <object_component id="oc-c7">
         <name>.bios</name>
         <load_address>0x1780</load_address>
         <run_address>0x1780</run_address>
         <size>0x3a0</size>
         <input_file_ref idref="fl-2a"/>
      </object_component>
      <object_component id="oc-128">
         <name>.bios</name>
         <load_address>0x1b20</load_address>
         <run_address>0x1b20</run_address>
         <size>0x2c0</size>
         <input_file_ref idref="fl-40"/>
      </object_component>
      <object_component id="oc-cc">
         <name>.bios</name>
         <load_address>0x1de0</load_address>
         <run_address>0x1de0</run_address>
         <size>0x2c0</size>
         <input_file_ref idref="fl-2b"/>
      </object_component>
      <object_component id="oc-179">
         <name>.bios</name>
         <load_address>0x20a0</load_address>
         <run_address>0x20a0</run_address>
         <size>0x2c0</size>
         <input_file_ref idref="fl-51"/>
      </object_component>
      <object_component id="oc-44">
         <name>.bios</name>
         <load_address>0x2360</load_address>
         <run_address>0x2360</run_address>
         <size>0x260</size>
         <input_file_ref idref="fl-1a"/>
      </object_component>
      <object_component id="oc-c3">
         <name>.bios</name>
         <load_address>0x25c0</load_address>
         <run_address>0x25c0</run_address>
         <size>0x240</size>
         <input_file_ref idref="fl-29"/>
      </object_component>
      <object_component id="oc-195">
         <name>.bios</name>
         <load_address>0x2800</load_address>
         <run_address>0x2800</run_address>
         <size>0x220</size>
         <input_file_ref idref="fl-57"/>
      </object_component>
      <object_component id="oc-165">
         <name>.bios</name>
         <load_address>0x2a20</load_address>
         <run_address>0x2a20</run_address>
         <size>0x200</size>
         <input_file_ref idref="fl-4d"/>
      </object_component>
      <object_component id="oc-bb">
         <name>.bios</name>
         <load_address>0x2c20</load_address>
         <run_address>0x2c20</run_address>
         <size>0x1c0</size>
         <input_file_ref idref="fl-27"/>
      </object_component>
      <object_component id="oc-9c">
         <name>.bios</name>
         <load_address>0x2de0</load_address>
         <run_address>0x2de0</run_address>
         <size>0x1c0</size>
         <input_file_ref idref="fl-1f"/>
      </object_component>
      <object_component id="oc-154">
         <name>.bios</name>
         <load_address>0x2fa0</load_address>
         <run_address>0x2fa0</run_address>
         <size>0x1a0</size>
         <input_file_ref idref="fl-49"/>
      </object_component>
      <object_component id="oc-199">
         <name>.bios</name>
         <load_address>0x3140</load_address>
         <run_address>0x3140</run_address>
         <size>0x180</size>
         <input_file_ref idref="fl-58"/>
      </object_component>
      <object_component id="oc-16c">
         <name>.bios</name>
         <load_address>0x32c0</load_address>
         <run_address>0x32c0</run_address>
         <size>0x180</size>
         <input_file_ref idref="fl-4e"/>
      </object_component>
      <object_component id="oc-11b">
         <name>.bios</name>
         <load_address>0x3440</load_address>
         <run_address>0x3440</run_address>
         <size>0x140</size>
         <input_file_ref idref="fl-3d"/>
      </object_component>
      <object_component id="oc-107">
         <name>.bios</name>
         <load_address>0x3580</load_address>
         <run_address>0x3580</run_address>
         <size>0xe0</size>
         <input_file_ref idref="fl-38"/>
      </object_component>
      <object_component id="oc-118">
         <name>.bios</name>
         <load_address>0x3660</load_address>
         <run_address>0x3660</run_address>
         <size>0xe0</size>
         <input_file_ref idref="fl-3c"/>
      </object_component>
      <object_component id="oc-181">
         <name>.bios</name>
         <load_address>0x3740</load_address>
         <run_address>0x3740</run_address>
         <size>0xe0</size>
         <input_file_ref idref="fl-53"/>
      </object_component>
      <object_component id="oc-17c">
         <name>.bios</name>
         <load_address>0x3820</load_address>
         <run_address>0x3820</run_address>
         <size>0xe0</size>
         <input_file_ref idref="fl-52"/>
      </object_component>
      <object_component id="oc-de">
         <name>.bios</name>
         <load_address>0x3900</load_address>
         <run_address>0x3900</run_address>
         <size>0xe0</size>
         <input_file_ref idref="fl-30"/>
      </object_component>
      <object_component id="oc-124">
         <name>.bios</name>
         <load_address>0x39e0</load_address>
         <run_address>0x39e0</run_address>
         <size>0xc0</size>
         <input_file_ref idref="fl-3f"/>
      </object_component>
      <object_component id="oc-120">
         <name>.bios</name>
         <load_address>0x3aa0</load_address>
         <run_address>0x3aa0</run_address>
         <size>0xc0</size>
         <input_file_ref idref="fl-3e"/>
      </object_component>
      <object_component id="oc-171">
         <name>.bios</name>
         <load_address>0x3b60</load_address>
         <run_address>0x3b60</run_address>
         <size>0xc0</size>
         <input_file_ref idref="fl-4f"/>
      </object_component>
      <object_component id="oc-158">
         <name>.bios</name>
         <load_address>0x3c20</load_address>
         <run_address>0x3c20</run_address>
         <size>0xc0</size>
         <input_file_ref idref="fl-4a"/>
      </object_component>
      <object_component id="oc-42">
         <name>.bios</name>
         <load_address>0x3ce0</load_address>
         <run_address>0x3ce0</run_address>
         <size>0xc0</size>
         <input_file_ref idref="fl-12"/>
      </object_component>
      <object_component id="oc-a0">
         <name>.bios</name>
         <load_address>0x3da0</load_address>
         <run_address>0x3da0</run_address>
         <size>0x80</size>
         <input_file_ref idref="fl-20"/>
      </object_component>
      <object_component id="oc-ae">
         <name>.bios</name>
         <load_address>0x3e20</load_address>
         <run_address>0x3e20</run_address>
         <size>0x80</size>
         <input_file_ref idref="fl-24"/>
      </object_component>
      <object_component id="oc-bf">
         <name>.bios</name>
         <load_address>0x3ea0</load_address>
         <run_address>0x3ea0</run_address>
         <size>0x80</size>
         <input_file_ref idref="fl-28"/>
      </object_component>
      <object_component id="oc-d4">
         <name>.bios</name>
         <load_address>0x3f20</load_address>
         <run_address>0x3f20</run_address>
         <size>0x80</size>
         <input_file_ref idref="fl-2d"/>
      </object_component>
      <object_component id="oc-b2">
         <name>.bios</name>
         <load_address>0x3fa0</load_address>
         <run_address>0x3fa0</run_address>
         <size>0x80</size>
         <input_file_ref idref="fl-25"/>
      </object_component>
      <object_component id="oc-10e">
         <name>.bios</name>
         <load_address>0x4020</load_address>
         <run_address>0x4020</run_address>
         <size>0x60</size>
         <input_file_ref idref="fl-3a"/>
      </object_component>
      <object_component id="oc-174">
         <name>.bios</name>
         <load_address>0x4080</load_address>
         <run_address>0x4080</run_address>
         <size>0x60</size>
         <input_file_ref idref="fl-50"/>
      </object_component>
      <object_component id="oc-185">
         <name>.bios</name>
         <load_address>0x40e0</load_address>
         <run_address>0x40e0</run_address>
         <size>0x60</size>
         <input_file_ref idref="fl-54"/>
      </object_component>
      <object_component id="oc-43">
         <name>.bios</name>
         <load_address>0x4140</load_address>
         <run_address>0x4140</run_address>
         <size>0x60</size>
         <input_file_ref idref="fl-1d"/>
      </object_component>
      <object_component id="oc-e2">
         <name>.bios</name>
         <load_address>0x41a0</load_address>
         <run_address>0x41a0</run_address>
         <size>0x60</size>
         <input_file_ref idref="fl-31"/>
      </object_component>
      <object_component id="oc-3d">
         <name>.bios</name>
         <load_address>0x4200</load_address>
         <run_address>0x4200</run_address>
         <size>0x40</size>
         <input_file_ref idref="fl-15"/>
      </object_component>
      <object_component id="oc-d0">
         <name>.bios</name>
         <load_address>0x4240</load_address>
         <run_address>0x4240</run_address>
         <size>0x40</size>
         <input_file_ref idref="fl-2c"/>
      </object_component>
      <object_component id="oc-3c">
         <name>.bios</name>
         <load_address>0x4280</load_address>
         <run_address>0x4280</run_address>
         <size>0x40</size>
         <input_file_ref idref="fl-1b"/>
      </object_component>
      <object_component id="oc-e6">
         <name>.bios</name>
         <load_address>0x42c0</load_address>
         <run_address>0x42c0</run_address>
         <size>0x40</size>
         <input_file_ref idref="fl-32"/>
      </object_component>
      <object_component id="oc-47">
         <name>.bios</name>
         <load_address>0x4300</load_address>
         <run_address>0x4300</run_address>
         <size>0x20</size>
         <input_file_ref idref="fl-18"/>
      </object_component>
      <object_component id="oc-10a">
         <name>.bios</name>
         <load_address>0x4320</load_address>
         <run_address>0x4320</run_address>
         <size>0x20</size>
         <input_file_ref idref="fl-39"/>
      </object_component>
      <object_component id="oc-b6">
         <name>.bios</name>
         <load_address>0x4340</load_address>
         <run_address>0x4340</run_address>
         <size>0x20</size>
         <input_file_ref idref="fl-26"/>
      </object_component>
      <object_component id="oc-149">
         <name>.bios</name>
         <load_address>0x4360</load_address>
         <run_address>0x4360</run_address>
         <size>0x20</size>
         <input_file_ref idref="fl-47"/>
      </object_component>
      <object_component id="oc-46">
         <name>.bios</name>
         <load_address>0x4380</load_address>
         <run_address>0x4380</run_address>
         <size>0x20</size>
         <input_file_ref idref="fl-1c"/>
      </object_component>
      <object_component id="oc-45">
         <name>.bios</name>
         <load_address>0x43a0</load_address>
         <run_address>0x43a0</run_address>
         <size>0x20</size>
         <input_file_ref idref="fl-1e"/>
      </object_component>
      <object_component id="oc-13d">
         <name>.pinit</name>
         <load_address>0x8234</load_address>
         <run_address>0x8234</run_address>
         <size>0x4</size>
         <input_file_ref idref="fl-44"/>
      </object_component>
      <object_component id="oc-146">
         <name>.pinit</name>
         <load_address>0x8238</load_address>
         <run_address>0x8238</run_address>
         <size>0x4</size>
         <input_file_ref idref="fl-46"/>
      </object_component>
      <object_component id="oc-4c">
         <name>.sys</name>
         <uninitialized>true</uninitialized>
         <run_address>0xb5c0</run_address>
         <size>0x10</size>
         <input_file_ref idref="fl-2"/>
      </object_component>
      <object_component id="oc-1ed">
         <name>.text:__divd</name>
         <load_address>0x43c0</load_address>
         <run_address>0x43c0</run_address>
         <size>0x720</size>
         <input_file_ref idref="fl-59"/>
      </object_component>
      <object_component id="oc-1e9">
         <name>.text</name>
         <load_address>0x4ae0</load_address>
         <run_address>0x4ae0</run_address>
         <size>0x480</size>
         <input_file_ref idref="fl-37"/>
      </object_component>
      <object_component id="oc-1dd">
         <name>.text</name>
         <load_address>0x4f60</load_address>
         <run_address>0x4f60</run_address>
         <size>0x320</size>
         <input_file_ref idref="fl-4"/>
      </object_component>
      <object_component id="oc-1ec">
         <name>.text:__divf</name>
         <load_address>0x5280</load_address>
         <run_address>0x5280</run_address>
         <size>0x300</size>
         <input_file_ref idref="fl-5a"/>
      </object_component>
      <object_component id="oc-1ee">
         <name>.text:_sin</name>
         <load_address>0x5580</load_address>
         <run_address>0x5580</run_address>
         <size>0x2e0</size>
         <input_file_ref idref="fl-66"/>
      </object_component>
      <object_component id="oc-1ea">
         <name>.text</name>
         <load_address>0x5860</load_address>
         <run_address>0x5860</run_address>
         <size>0x2e0</size>
         <input_file_ref idref="fl-33"/>
      </object_component>
      <object_component id="oc-1e5">
         <name>.text:_memcpy</name>
         <load_address>0x5b40</load_address>
         <run_address>0x5b40</run_address>
         <size>0x240</size>
         <input_file_ref idref="fl-65"/>
      </object_component>
      <object_component id="oc-1e8">
         <name>.text</name>
         <load_address>0x5d80</load_address>
         <run_address>0x5d80</run_address>
         <size>0x200</size>
         <input_file_ref idref="fl-63"/>
      </object_component>
      <object_component id="oc-205">
         <name>.text:_MCBSP_reset</name>
         <load_address>0x5f80</load_address>
         <run_address>0x5f80</run_address>
         <size>0x1a0</size>
         <input_file_ref idref="fl-41"/>
      </object_component>
      <object_component id="oc-3e">
         <name>.text</name>
         <load_address>0x6120</load_address>
         <run_address>0x6120</run_address>
         <size>0x180</size>
         <input_file_ref idref="fl-19"/>
      </object_component>
      <object_component id="oc-1f9">
         <name>.text</name>
         <load_address>0x62a0</load_address>
         <run_address>0x62a0</run_address>
         <size>0x180</size>
         <input_file_ref idref="fl-34"/>
      </object_component>
      <object_component id="oc-207">
         <name>.text:_call_dtors</name>
         <load_address>0x6420</load_address>
         <run_address>0x6420</run_address>
         <size>0x160</size>
         <input_file_ref idref="fl-61"/>
      </object_component>
      <object_component id="oc-1fb">
         <name>.text:__frcmpyd_div</name>
         <load_address>0x6580</load_address>
         <run_address>0x6580</run_address>
         <size>0x140</size>
         <input_file_ref idref="fl-5b"/>
      </object_component>
      <object_component id="oc-1f5">
         <name>.text:__strasgi</name>
         <load_address>0x66c0</load_address>
         <run_address>0x66c0</run_address>
         <size>0x140</size>
         <input_file_ref idref="fl-5f"/>
      </object_component>
      <object_component id="oc-1f7">
         <name>.text:_MCBSP_open</name>
         <load_address>0x6800</load_address>
         <run_address>0x6800</run_address>
         <size>0x100</size>
         <input_file_ref idref="fl-41"/>
      </object_component>
      <object_component id="oc-1f8">
         <name>.text:_MCBSP_start</name>
         <load_address>0x6900</load_address>
         <run_address>0x6900</run_address>
         <size>0x100</size>
         <input_file_ref idref="fl-41"/>
      </object_component>
      <object_component id="oc-1fd">
         <name>.text:__nround</name>
         <load_address>0x6a00</load_address>
         <run_address>0x6a00</run_address>
         <size>0xe0</size>
         <input_file_ref idref="fl-67"/>
      </object_component>
      <object_component id="oc-1f3">
         <name>.text:_atexit</name>
         <load_address>0x6ae0</load_address>
         <run_address>0x6ae0</run_address>
         <size>0xe0</size>
         <input_file_ref idref="fl-60"/>
      </object_component>
      <object_component id="oc-1fe">
         <name>.text:_modf</name>
         <load_address>0x6bc0</load_address>
         <run_address>0x6bc0</run_address>
         <size>0xe0</size>
         <input_file_ref idref="fl-69"/>
      </object_component>
      <object_component id="oc-168">
         <name>.text</name>
         <load_address>0x6ca0</load_address>
         <run_address>0x6ca0</run_address>
         <size>0xc0</size>
         <input_file_ref idref="fl-4e"/>
      </object_component>
      <object_component id="oc-1eb">
         <name>.text</name>
         <load_address>0x6d60</load_address>
         <run_address>0x6d60</run_address>
         <size>0xc0</size>
         <input_file_ref idref="fl-35"/>
      </object_component>
      <object_component id="oc-204">
         <name>.text:_MCBSP_close</name>
         <load_address>0x6e20</load_address>
         <run_address>0x6e20</run_address>
         <size>0xa0</size>
         <input_file_ref idref="fl-41"/>
      </object_component>
      <object_component id="oc-206">
         <name>.text:__mpyll</name>
         <load_address>0x6ec0</load_address>
         <run_address>0x6ec0</run_address>
         <size>0xa0</size>
         <input_file_ref idref="fl-5d"/>
      </object_component>
      <object_component id="oc-1f6">
         <name>.text</name>
         <load_address>0x6f60</load_address>
         <run_address>0x6f60</run_address>
         <size>0x80</size>
         <input_file_ref idref="fl-64"/>
      </object_component>
      <object_component id="oc-1e7">
         <name>.text</name>
         <load_address>0x6fe0</load_address>
         <run_address>0x6fe0</run_address>
         <size>0x80</size>
         <input_file_ref idref="fl-36"/>
      </object_component>
      <object_component id="oc-1fa">
         <name>.text:__llshru</name>
         <load_address>0x7060</load_address>
         <run_address>0x7060</run_address>
         <size>0x60</size>
         <input_file_ref idref="fl-5c"/>
      </object_component>
      <object_component id="oc-203">
         <name>.text:___add_dtor</name>
         <load_address>0x70c0</load_address>
         <run_address>0x70c0</run_address>
         <size>0x40</size>
         <input_file_ref idref="fl-61"/>
      </object_component>
      <object_component id="oc-1fc">
         <name>.text:__trunc</name>
         <load_address>0x7100</load_address>
         <run_address>0x7100</run_address>
         <size>0x40</size>
         <input_file_ref idref="fl-68"/>
      </object_component>
      <object_component id="oc-1e6">
         <name>.text:__nop</name>
         <load_address>0x7140</load_address>
         <run_address>0x7140</run_address>
         <size>0x20</size>
         <input_file_ref idref="fl-5e"/>
      </object_component>
      <object_component id="oc-1e3">
         <name>.text:__register_lock</name>
         <load_address>0x7160</load_address>
         <run_address>0x7160</run_address>
         <size>0x20</size>
         <input_file_ref idref="fl-5e"/>
      </object_component>
      <object_component id="oc-1e4">
         <name>.text:__register_unlock</name>
         <load_address>0x7180</load_address>
         <run_address>0x7180</run_address>
         <size>0x20</size>
         <input_file_ref idref="fl-5e"/>
      </object_component>
      <object_component id="oc-18e">
         <name>.text</name>
         <load_address>0x71a0</load_address>
         <run_address>0x71a0</run_address>
         <size>0x20</size>
         <input_file_ref idref="fl-56"/>
      </object_component>
      <object_component id="oc-4a">
         <name>.cinit</name>
         <load_address>0x71c0</load_address>
         <run_address>0x71c0</run_address>
         <size>0x54c</size>
         <input_file_ref idref="fl-2"/>
      </object_component>
      <object_component id="oc-6e">
         <name>.cinit</name>
         <load_address>0x7710</load_address>
         <run_address>0x7710</run_address>
         <size>0x26c</size>
         <input_file_ref idref="fl-13"/>
      </object_component>
      <object_component id="oc-114">
         <name>.cinit</name>
         <load_address>0x7980</load_address>
         <run_address>0x7980</run_address>
         <size>0x1a4</size>
         <input_file_ref idref="fl-3b"/>
      </object_component>
      <object_component id="oc-18f">
         <name>.cinit</name>
         <load_address>0x7b28</load_address>
         <run_address>0x7b28</run_address>
         <size>0x12c</size>
         <input_file_ref idref="fl-56"/>
      </object_component>
      <object_component id="oc-65">
         <name>.cinit</name>
         <load_address>0x7c58</load_address>
         <run_address>0x7c58</run_address>
         <size>0xc4</size>
         <input_file_ref idref="fl-4"/>
      </object_component>
      <object_component id="oc-7d">
         <name>.cinit</name>
         <load_address>0x7d20</load_address>
         <run_address>0x7d20</run_address>
         <size>0xb0</size>
         <input_file_ref idref="fl-17"/>
      </object_component>
      <object_component id="oc-14f">
         <name>.cinit</name>
         <load_address>0x7dd0</load_address>
         <run_address>0x7dd0</run_address>
         <size>0x80</size>
         <input_file_ref idref="fl-48"/>
      </object_component>
      <object_component id="oc-16a">
         <name>.cinit</name>
         <load_address>0x7e50</load_address>
         <run_address>0x7e50</run_address>
         <size>0x60</size>
         <input_file_ref idref="fl-4e"/>
      </object_component>
      <object_component id="oc-77">
         <name>.cinit</name>
         <load_address>0x7eb0</load_address>
         <run_address>0x7eb0</run_address>
         <size>0x5c</size>
         <input_file_ref idref="fl-16"/>
      </object_component>
      <object_component id="oc-12b">
         <name>.cinit</name>
         <load_address>0x7f10</load_address>
         <run_address>0x7f10</run_address>
         <size>0x54</size>
         <input_file_ref idref="fl-41"/>
      </object_component>
      <object_component id="oc-cb">
         <name>.cinit</name>
         <load_address>0x7f68</load_address>
         <run_address>0x7f68</run_address>
         <size>0x4c</size>
         <input_file_ref idref="fl-2b"/>
      </object_component>
      <object_component id="oc-13b">
         <name>.cinit</name>
         <load_address>0x7fb8</load_address>
         <run_address>0x7fb8</run_address>
         <size>0x4c</size>
         <input_file_ref idref="fl-44"/>
      </object_component>
      <object_component id="oc-1d0">
         <name>.cinit</name>
         <load_address>0x8008</load_address>
         <run_address>0x8008</run_address>
         <size>0x48</size>
         <input_file_ref idref="fl-66"/>
      </object_component>
      <object_component id="oc-ab">
         <name>.cinit</name>
         <load_address>0x8050</load_address>
         <run_address>0x8050</run_address>
         <size>0x34</size>
         <input_file_ref idref="fl-23"/>
      </object_component>
      <object_component id="oc-f1">
         <name>.cinit</name>
         <load_address>0x8088</load_address>
         <run_address>0x8088</run_address>
         <size>0x30</size>
         <input_file_ref idref="fl-34"/>
      </object_component>
      <object_component id="oc-95">
         <name>.cinit</name>
         <load_address>0x80b8</load_address>
         <run_address>0x80b8</run_address>
         <size>0x2c</size>
         <input_file_ref idref="fl-1d"/>
      </object_component>
      <object_component id="oc-1be">
         <name>.cinit</name>
         <load_address>0x80e8</load_address>
         <run_address>0x80e8</run_address>
         <size>0x2c</size>
         <input_file_ref idref="fl-62"/>
      </object_component>
      <object_component id="oc-f7">
         <name>.cinit</name>
         <load_address>0x8118</load_address>
         <run_address>0x8118</run_address>
         <size>0x28</size>
         <input_file_ref idref="fl-35"/>
      </object_component>
      <object_component id="oc-131">
         <name>.cinit</name>
         <load_address>0x8140</load_address>
         <run_address>0x8140</run_address>
         <size>0x24</size>
         <input_file_ref idref="fl-42"/>
      </object_component>
      <object_component id="oc-15d">
         <name>.cinit</name>
         <load_address>0x8168</load_address>
         <run_address>0x8168</run_address>
         <size>0x1c</size>
         <input_file_ref idref="fl-4b"/>
      </object_component>
      <object_component id="oc-1ac">
         <name>.cinit</name>
         <load_address>0x8188</load_address>
         <run_address>0x8188</run_address>
         <size>0x1c</size>
         <input_file_ref idref="fl-5e"/>
      </object_component>
      <object_component id="oc-1b4">
         <name>.cinit</name>
         <load_address>0x81a8</load_address>
         <run_address>0x81a8</run_address>
         <size>0x1c</size>
         <input_file_ref idref="fl-60"/>
      </object_component>
      <object_component id="oc-88">
         <name>.cinit</name>
         <load_address>0x81c8</load_address>
         <run_address>0x81c8</run_address>
         <size>0x18</size>
         <input_file_ref idref="fl-1a"/>
      </object_component>
      <object_component id="oc-18a">
         <name>.cinit</name>
         <load_address>0x81e0</load_address>
         <run_address>0x81e0</run_address>
         <size>0xc</size>
         <input_file_ref idref="fl-55"/>
      </object_component>
      <object_component id="oc-ad">
         <name>.cinit</name>
         <load_address>0x81f0</load_address>
         <run_address>0x81f0</run_address>
         <size>0xc</size>
         <input_file_ref idref="fl-24"/>
      </object_component>
      <object_component id="oc-ba">
         <name>.cinit</name>
         <load_address>0x8200</load_address>
         <run_address>0x8200</run_address>
         <size>0xc</size>
         <input_file_ref idref="fl-27"/>
      </object_component>
      <object_component id="oc-1c4">
         <name>.cinit</name>
         <load_address>0x8210</load_address>
         <run_address>0x8210</run_address>
         <size>0xc</size>
         <input_file_ref idref="fl-63"/>
      </object_component>
      <object_component id="oc-1b9">
         <name>.cinit</name>
         <load_address>0x8220</load_address>
         <run_address>0x8220</run_address>
         <size>0xc</size>
         <input_file_ref idref="fl-61"/>
      </object_component>
      <object_component id="oc-1f0">
         <name>.switch</name>
         <load_address>0xb560</load_address>
         <run_address>0xb560</run_address>
         <size>0x28</size>
         <input_file_ref idref="fl-46"/>
      </object_component>
      <object_component id="oc-49">
         <name>.gblinit</name>
         <load_address>0xb4c4</load_address>
         <run_address>0xb4c4</run_address>
         <size>0x40</size>
         <input_file_ref idref="fl-2"/>
      </object_component>
      <object_component id="oc-5c">
         <name>.sysinit</name>
         <load_address>0x9ee0</load_address>
         <run_address>0x9ee0</run_address>
         <size>0x2c0</size>
         <input_file_ref idref="fl-2"/>
      </object_component>
      <object_component id="oc-3f">
         <name>.sysinit</name>
         <load_address>0xa1a0</load_address>
         <run_address>0xa1a0</run_address>
         <size>0xc0</size>
         <input_file_ref idref="fl-21"/>
      </object_component>
      <object_component id="oc-161">
         <name>.sysinit</name>
         <load_address>0xa260</load_address>
         <run_address>0xa260</run_address>
         <size>0x80</size>
         <input_file_ref idref="fl-4c"/>
      </object_component>
      <object_component id="oc-133">
         <name>.sysinit</name>
         <load_address>0xa2e0</load_address>
         <run_address>0xa2e0</run_address>
         <size>0x20</size>
         <input_file_ref idref="fl-42"/>
      </object_component>
      <object_component id="oc-a9">
         <name>.trcdata</name>
         <load_address>0xb5d0</load_address>
         <run_address>0xb5d0</run_address>
         <size>0xc</size>
         <input_file_ref idref="fl-22"/>
      </object_component>
      <object_component id="oc-4b">
         <name>.rtdx_data</name>
         <uninitialized>true</uninitialized>
         <run_address>0x9a80</run_address>
         <size>0x410</size>
         <input_file_ref idref="fl-2"/>
      </object_component>
      <object_component id="oc-13c">
         <name>.rtdx_data</name>
         <uninitialized>true</uninitialized>
         <run_address>0x9e90</run_address>
         <size>0x20</size>
         <input_file_ref idref="fl-44"/>
      </object_component>
      <object_component id="oc-145">
         <name>.rtdx_data</name>
         <uninitialized>true</uninitialized>
         <run_address>0x9eb0</run_address>
         <size>0x1c</size>
         <input_file_ref idref="fl-46"/>
      </object_component>
      <object_component id="oc-1de">
         <name>.rtdx_text:_RTDX_Poll</name>
         <load_address>0x8240</load_address>
         <run_address>0x8240</run_address>
         <size>0x400</size>
         <input_file_ref idref="fl-46"/>
      </object_component>
      <object_component id="oc-1f2">
         <name>.rtdx_text:_RTDX_Buffer_WriteCB</name>
         <load_address>0x8640</load_address>
         <run_address>0x8640</run_address>
         <size>0x340</size>
         <input_file_ref idref="fl-44"/>
      </object_component>
      <object_component id="oc-201">
         <name>.rtdx_text:_RTDX_write_next</name>
         <load_address>0x8980</load_address>
         <run_address>0x8980</run_address>
         <size>0x300</size>
         <input_file_ref idref="fl-44"/>
      </object_component>
      <object_component id="oc-202">
         <name>.rtdx_text:_RTDX_Mon_Queue</name>
         <load_address>0x8c80</load_address>
         <run_address>0x8c80</run_address>
         <size>0x140</size>
         <input_file_ref idref="fl-46"/>
      </object_component>
      <object_component id="oc-200">
         <name>.rtdx_text:_claim</name>
         <load_address>0x8dc0</load_address>
         <run_address>0x8dc0</run_address>
         <size>0xe0</size>
         <input_file_ref idref="fl-44"/>
      </object_component>
      <object_component id="oc-1e2">
         <name>.rtdx_text:_RTDX_Init_RT_Monitor</name>
         <load_address>0x8ea0</load_address>
         <run_address>0x8ea0</run_address>
         <size>0x80</size>
         <input_file_ref idref="fl-46"/>
      </object_component>
      <object_component id="oc-1e1">
         <name>.rtdx_text:_RTDX_Buffer_Initialize</name>
         <load_address>0x8f20</load_address>
         <run_address>0x8f20</run_address>
         <size>0x60</size>
         <input_file_ref idref="fl-44"/>
      </object_component>
      <object_component id="oc-1f1">
         <name>.rtdx_text:_RTDX_Buffer_ReadCB</name>
         <load_address>0x8f80</load_address>
         <run_address>0x8f80</run_address>
         <size>0x60</size>
         <input_file_ref idref="fl-43"/>
      </object_component>
      <object_component id="oc-1ff">
         <name>.rtdx_text:_RTDX_Buffer_Size</name>
         <load_address>0x8fe0</load_address>
         <run_address>0x8fe0</run_address>
         <size>0x40</size>
         <input_file_ref idref="fl-44"/>
      </object_component>
      <object_component id="oc-1f4">
         <name>.rtdx_text:_RTDX_Final_RT_Monitor</name>
         <load_address>0x9020</load_address>
         <run_address>0x9020</run_address>
         <size>0x40</size>
         <input_file_ref idref="fl-46"/>
      </object_component>
      <object_component id="oc-1df">
         <name>.rtdx_text:_RTDX_Buffer_Read</name>
         <load_address>0x9060</load_address>
         <run_address>0x9060</run_address>
         <size>0x20</size>
         <input_file_ref idref="fl-43"/>
      </object_component>
      <object_component id="oc-1e0">
         <name>.rtdx_text:_RTDX_Buffer_Write</name>
         <load_address>0x9080</load_address>
         <run_address>0x9080</run_address>
         <size>0x20</size>
         <input_file_ref idref="fl-44"/>
      </object_component>
      <object_component id="oc-1ef">
         <name>.rtdx_text:_RTDX_checksum</name>
         <load_address>0x90a0</load_address>
         <run_address>0x90a0</run_address>
         <size>0x20</size>
         <input_file_ref idref="fl-46"/>
      </object_component>
      <object_component id="oc-141">
         <name>.rtdx_text</name>
         <load_address>0x90c0</load_address>
         <run_address>0x90c0</run_address>
         <size>0x20</size>
         <input_file_ref idref="fl-45"/>
      </object_component>
      <object_component id="oc-57">
         <name>.TSK_idle$stk</name>
         <uninitialized>true</uninitialized>
         <run_address>0xa300</run_address>
         <size>0x400</size>
         <input_file_ref idref="fl-2"/>
      </object_component>
      <object_component id="oc-5a">
         <name>.LOG_system$buf</name>
         <uninitialized>true</uninitialized>
         <run_address>0xb100</run_address>
         <size>0x100</size>
         <input_file_ref idref="fl-2"/>
      </object_component>
      <object_component id="oc-4e">
         <name>.hst1</name>
         <uninitialized>true</uninitialized>
         <run_address>0x9ecc</run_address>
         <size>0x10</size>
         <input_file_ref idref="fl-2"/>
      </object_component>
      <object_component id="oc-51">
         <name>.hst0</name>
         <uninitialized>true</uninitialized>
         <run_address>0xb200</run_address>
         <size>0x100</size>
         <input_file_ref idref="fl-2"/>
      </object_component>
      <object_component id="oc-16d">
         <name>.const</name>
         <load_address>0xb300</load_address>
         <run_address>0xb300</run_address>
         <size>0x4e</size>
         <input_file_ref idref="fl-4e"/>
      </object_component>
      <object_component id="oc-ec">
         <name>.const</name>
         <load_address>0xb350</load_address>
         <run_address>0xb350</run_address>
         <size>0x40</size>
         <input_file_ref idref="fl-33"/>
      </object_component>
      <object_component id="oc-8d">
         <name>.const</name>
         <load_address>0xb390</load_address>
         <run_address>0xb390</run_address>
         <size>0x23</size>
         <input_file_ref idref="fl-1b"/>
      </object_component>
      <object_component id="oc-91">
         <name>.const</name>
         <load_address>0xb3b3</load_address>
         <run_address>0xb3b3</run_address>
         <size>0x22</size>
         <input_file_ref idref="fl-1c"/>
      </object_component>
      <object_component id="oc-102">
         <name>.const</name>
         <load_address>0xb3d8</load_address>
         <run_address>0xb3d8</run_address>
         <size>0x20</size>
         <input_file_ref idref="fl-37"/>
      </object_component>
      <object_component id="oc-151">
         <name>.const</name>
         <load_address>0xb3f8</load_address>
         <run_address>0xb3f8</run_address>
         <size>0x1</size>
         <input_file_ref idref="fl-48"/>
      </object_component>
      <object_component id="oc-54">
         <name>.printf</name>
         <load_address>0xb3f9</load_address>
         <run_address>0xb3f9</run_address>
         <size>0x3f</size>
         <input_file_ref idref="fl-2"/>
      </object_component>
      <object_component id="oc-a5">
         <name>.args</name>
         <load_address>0x9edc</load_address>
         <run_address>0x9edc</run_address>
         <size>0x0</size>
         <input_file_ref idref="fl-21"/>
      </object_component>
      <object_component id="oc-32">
         <name>_SYS_PUTCBEG</name>
         <load_address>0xae64</load_address>
         <run_address>0xae64</run_address>
         <size>0x0</size>
      </object_component>
      <object_component id="oc-34">
         <name>_SYS_PUTCEND</name>
         <load_address>0xb064</load_address>
         <run_address>0xb064</run_address>
         <size>0x0</size>
      </object_component>
      <object_component id="oc-4f">
         <name>.hst</name>
         <uninitialized>true</uninitialized>
         <run_address>0xb0c4</run_address>
         <size>0x3c</size>
         <input_file_ref idref="fl-2"/>
      </object_component>
      <object_component id="oc-5b">
         <name>.log</name>
         <load_address>0xb588</load_address>
         <run_address>0xb588</run_address>
         <size>0x18</size>
         <input_file_ref idref="fl-2"/>
      </object_component>
      <object_component id="oc-50">
         <name>.pip</name>
         <uninitialized>true</uninitialized>
         <run_address>0xb3fc</run_address>
         <size>0xc8</size>
         <input_file_ref idref="fl-2"/>
      </object_component>
      <object_component id="oc-55">
         <name>.sts</name>
         <load_address>0xb504</load_address>
         <run_address>0xb504</run_address>
         <size>0x30</size>
         <input_file_ref idref="fl-2"/>
      </object_component>
      <object_component id="oc-3a">
         <name>GBL_stackbeg</name>
         <uninitialized>true</uninitialized>
         <run_address>0xa700</run_address>
         <size>0x0</size>
      </object_component>
      <object_component id="oc-a6">
         <name>.stack</name>
         <uninitialized>true</uninitialized>
         <run_address>0xa700</run_address>
         <size>0x0</size>
         <input_file_ref idref="fl-21"/>
      </object_component>
      <object_component id="oc-23d">
         <name>.stack</name>
         <uninitialized>true</uninitialized>
         <run_address>0xa700</run_address>
         <size>0x0</size>
      </object_component>
      <object_component id="oc-5e">
         <name>.debug_info</name>
         <load_address>0x0</load_address>
         <run_address>0x0</run_address>
         <size>0x341</size>
         <input_file_ref idref="fl-2"/>
      </object_component>
      <object_component id="oc-61">
         <name>.debug_info</name>
         <load_address>0x341</load_address>
         <run_address>0x341</run_address>
         <size>0x5ce</size>
         <input_file_ref idref="fl-3"/>
      </object_component>
      <object_component id="oc-64">
         <name>.debug_info</name>
         <load_address>0x90f</load_address>
         <run_address>0x90f</run_address>
         <size>0xd6f</size>
         <input_file_ref idref="fl-4"/>
      </object_component>
      <object_component id="oc-6a">
         <name>.debug_info</name>
         <load_address>0x167e</load_address>
         <run_address>0x167e</run_address>
         <size>0xf8</size>
         <input_file_ref idref="fl-12"/>
      </object_component>
      <object_component id="oc-70">
         <name>.debug_info</name>
         <load_address>0x1776</load_address>
         <run_address>0x1776</run_address>
         <size>0xb9</size>
         <input_file_ref idref="fl-14"/>
      </object_component>
      <object_component id="oc-73">
         <name>.debug_info</name>
         <load_address>0x182f</load_address>
         <run_address>0x182f</run_address>
         <size>0xaf</size>
         <input_file_ref idref="fl-15"/>
      </object_component>
      <object_component id="oc-79">
         <name>.debug_info</name>
         <load_address>0x18de</load_address>
         <run_address>0x18de</run_address>
         <size>0x1a5</size>
         <input_file_ref idref="fl-16"/>
      </object_component>
      <object_component id="oc-7e">
         <name>.debug_info</name>
         <load_address>0x1a83</load_address>
         <run_address>0x1a83</run_address>
         <size>0x13c</size>
         <input_file_ref idref="fl-17"/>
      </object_component>
      <object_component id="oc-81">
         <name>.debug_info</name>
         <load_address>0x1bbf</load_address>
         <run_address>0x1bbf</run_address>
         <size>0x607</size>
         <input_file_ref idref="fl-18"/>
      </object_component>
      <object_component id="oc-84">
         <name>.debug_info</name>
         <load_address>0x21c6</load_address>
         <run_address>0x21c6</run_address>
         <size>0x6f0</size>
         <input_file_ref idref="fl-19"/>
      </object_component>
      <object_component id="oc-87">
         <name>.debug_info</name>
         <load_address>0x28b6</load_address>
         <run_address>0x28b6</run_address>
         <size>0xf1f</size>
         <input_file_ref idref="fl-1a"/>
      </object_component>
      <object_component id="oc-8c">
         <name>.debug_info</name>
         <load_address>0x37d5</load_address>
         <run_address>0x37d5</run_address>
         <size>0x7fd</size>
         <input_file_ref idref="fl-1b"/>
      </object_component>
      <object_component id="oc-90">
         <name>.debug_info</name>
         <load_address>0x3fd2</load_address>
         <run_address>0x3fd2</run_address>
         <size>0x7ea</size>
         <input_file_ref idref="fl-1c"/>
      </object_component>
      <object_component id="oc-94">
         <name>.debug_info</name>
         <load_address>0x47bc</load_address>
         <run_address>0x47bc</run_address>
         <size>0x6d9</size>
         <input_file_ref idref="fl-1d"/>
      </object_component>
      <object_component id="oc-99">
         <name>.debug_info</name>
         <load_address>0x4e95</load_address>
         <run_address>0x4e95</run_address>
         <size>0x690</size>
         <input_file_ref idref="fl-1e"/>
      </object_component>
      <object_component id="oc-9d">
         <name>.debug_info</name>
         <load_address>0x5525</load_address>
         <run_address>0x5525</run_address>
         <size>0x112</size>
         <input_file_ref idref="fl-1f"/>
      </object_component>
      <object_component id="oc-a1">
         <name>.debug_info</name>
         <load_address>0x5637</load_address>
         <run_address>0x5637</run_address>
         <size>0x106</size>
         <input_file_ref idref="fl-20"/>
      </object_component>
      <object_component id="oc-a4">
         <name>.debug_info</name>
         <load_address>0x573d</load_address>
         <run_address>0x573d</run_address>
         <size>0x65a</size>
         <input_file_ref idref="fl-21"/>
      </object_component>
      <object_component id="oc-af">
         <name>.debug_info</name>
         <load_address>0x5d97</load_address>
         <run_address>0x5d97</run_address>
         <size>0xaf</size>
         <input_file_ref idref="fl-24"/>
      </object_component>
      <object_component id="oc-b3">
         <name>.debug_info</name>
         <load_address>0x5e46</load_address>
         <run_address>0x5e46</run_address>
         <size>0xb8</size>
         <input_file_ref idref="fl-25"/>
      </object_component>
      <object_component id="oc-b7">
         <name>.debug_info</name>
         <load_address>0x5efe</load_address>
         <run_address>0x5efe</run_address>
         <size>0xaa</size>
         <input_file_ref idref="fl-26"/>
      </object_component>
      <object_component id="oc-bc">
         <name>.debug_info</name>
         <load_address>0x5fa8</load_address>
         <run_address>0x5fa8</run_address>
         <size>0x11b</size>
         <input_file_ref idref="fl-27"/>
      </object_component>
      <object_component id="oc-c0">
         <name>.debug_info</name>
         <load_address>0x60c3</load_address>
         <run_address>0x60c3</run_address>
         <size>0xaa</size>
         <input_file_ref idref="fl-28"/>
      </object_component>
      <object_component id="oc-c4">
         <name>.debug_info</name>
         <load_address>0x616d</load_address>
         <run_address>0x616d</run_address>
         <size>0x10c</size>
         <input_file_ref idref="fl-29"/>
      </object_component>
      <object_component id="oc-c8">
         <name>.debug_info</name>
         <load_address>0x6279</load_address>
         <run_address>0x6279</run_address>
         <size>0xd8</size>
         <input_file_ref idref="fl-2a"/>
      </object_component>
      <object_component id="oc-cd">
         <name>.debug_info</name>
         <load_address>0x6351</load_address>
         <run_address>0x6351</run_address>
         <size>0x1c2</size>
         <input_file_ref idref="fl-2b"/>
      </object_component>
      <object_component id="oc-d1">
         <name>.debug_info</name>
         <load_address>0x6513</load_address>
         <run_address>0x6513</run_address>
         <size>0xdb</size>
         <input_file_ref idref="fl-2c"/>
      </object_component>
      <object_component id="oc-d5">
         <name>.debug_info</name>
         <load_address>0x65ee</load_address>
         <run_address>0x65ee</run_address>
         <size>0x106</size>
         <input_file_ref idref="fl-2d"/>
      </object_component>
      <object_component id="oc-d9">
         <name>.debug_info</name>
         <load_address>0x66f4</load_address>
         <run_address>0x66f4</run_address>
         <size>0x60b</size>
         <input_file_ref idref="fl-2e"/>
      </object_component>
      <object_component id="oc-dc">
         <name>.debug_info</name>
         <load_address>0x6cff</load_address>
         <run_address>0x6cff</run_address>
         <size>0x5e5</size>
         <input_file_ref idref="fl-2f"/>
      </object_component>
      <object_component id="oc-df">
         <name>.debug_info</name>
         <load_address>0x72e4</load_address>
         <run_address>0x72e4</run_address>
         <size>0xb7</size>
         <input_file_ref idref="fl-30"/>
      </object_component>
      <object_component id="oc-e3">
         <name>.debug_info</name>
         <load_address>0x739b</load_address>
         <run_address>0x739b</run_address>
         <size>0xb4</size>
         <input_file_ref idref="fl-31"/>
      </object_component>
      <object_component id="oc-e7">
         <name>.debug_info</name>
         <load_address>0x744f</load_address>
         <run_address>0x744f</run_address>
         <size>0xb1</size>
         <input_file_ref idref="fl-32"/>
      </object_component>
      <object_component id="oc-eb">
         <name>.debug_info</name>
         <load_address>0x7500</load_address>
         <run_address>0x7500</run_address>
         <size>0xf57</size>
         <input_file_ref idref="fl-33"/>
      </object_component>
      <object_component id="oc-f0">
         <name>.debug_info</name>
         <load_address>0x8457</load_address>
         <run_address>0x8457</run_address>
         <size>0x1095</size>
         <input_file_ref idref="fl-34"/>
      </object_component>
      <object_component id="oc-f6">
         <name>.debug_info</name>
         <load_address>0x94ec</load_address>
         <run_address>0x94ec</run_address>
         <size>0xded</size>
         <input_file_ref idref="fl-35"/>
      </object_component>
      <object_component id="oc-fc">
         <name>.debug_info</name>
         <load_address>0xa2d9</load_address>
         <run_address>0xa2d9</run_address>
         <size>0xcb0</size>
         <input_file_ref idref="fl-36"/>
      </object_component>
      <object_component id="oc-101">
         <name>.debug_info</name>
         <load_address>0xaf89</load_address>
         <run_address>0xaf89</run_address>
         <size>0x117f</size>
         <input_file_ref idref="fl-37"/>
      </object_component>
      <object_component id="oc-106">
         <name>.debug_info</name>
         <load_address>0xc108</load_address>
         <run_address>0xc108</run_address>
         <size>0x7ee</size>
         <input_file_ref idref="fl-38"/>
      </object_component>
      <object_component id="oc-10b">
         <name>.debug_info</name>
         <load_address>0xc8f6</load_address>
         <run_address>0xc8f6</run_address>
         <size>0xb9</size>
         <input_file_ref idref="fl-39"/>
      </object_component>
      <object_component id="oc-10f">
         <name>.debug_info</name>
         <load_address>0xc9af</load_address>
         <run_address>0xc9af</run_address>
         <size>0x116</size>
         <input_file_ref idref="fl-3a"/>
      </object_component>
      <object_component id="oc-113">
         <name>.debug_info</name>
         <load_address>0xcac5</load_address>
         <run_address>0xcac5</run_address>
         <size>0xbd9</size>
         <input_file_ref idref="fl-3b"/>
      </object_component>
      <object_component id="oc-117">
         <name>.debug_info</name>
         <load_address>0xd69e</load_address>
         <run_address>0xd69e</run_address>
         <size>0xbb1</size>
         <input_file_ref idref="fl-3c"/>
      </object_component>
[...]
         <value>0x4c60</value>
         <object_component_ref idref="oc-1e9"/>
      </symbol>
      <symbol id="sm-4da">
         <name>_DSK6713_version</name>
         <value>0xae60</value>
         <object_component_ref idref="oc-100"/>
      </symbol>
      <symbol id="sm-4db">
         <name>_DSK6713_init</name>
         <value>0x4cb0</value>
         <object_component_ref idref="oc-1e9"/>
      </symbol>
      <symbol id="sm-4dc">
         <name>_DSK6713_waitusec</name>
         <value>0x4b84</value>
         <object_component_ref idref="oc-1e9"/>
      </symbol>
      <symbol id="sm-4dd">
         <name>_DSK6713_wait</name>
         <value>0x4ae0</value>
         <object_component_ref idref="oc-1e9"/>
      </symbol>
      <symbol id="sm-4e7">
         <name>_GBL_cslCacheInit</name>
         <value>0x3580</value>
         <object_component_ref idref="oc-107"/>
      </symbol>
      <symbol id="sm-4ef">
         <name>GBL_A_VERSION</name>
         <value>0x5205</value>
      </symbol>
      <symbol id="sm-4f0">
         <name>_GBL_getVersion</name>
         <value>0x4320</value>
         <object_component_ref idref="oc-10a"/>
      </symbol>
      <symbol id="sm-4f8">
         <name>_HWI_restore</name>
         <value>0x404c</value>
         <object_component_ref idref="oc-10e"/>
      </symbol>
      <symbol id="sm-4f9">
         <name>_HWI_enable</name>
         <value>0x4038</value>
         <object_component_ref idref="oc-10e"/>
      </symbol>
      <symbol id="sm-4fa">
         <name>_HWI_disable</name>
         <value>0x4020</value>
         <object_component_ref idref="oc-10e"/>
      </symbol>
      <symbol id="sm-506">
         <name>_KNL_maxqueue</name>
         <value>0xad98</value>
         <object_component_ref idref="oc-112"/>
      </symbol>
      <symbol id="sm-507">
         <name>_KNL_inactive</name>
         <value>0xad78</value>
         <object_component_ref idref="oc-112"/>
      </symbol>
      <symbol id="sm-508">
         <name>_KNL_tswitchfxn</name>
         <value>0xad9c</value>
         <object_component_ref idref="oc-112"/>
      </symbol>
      <symbol id="sm-509">
         <name>_KNL_setpri</name>
         <value>0xad74</value>
         <object_component_ref idref="oc-112"/>
      </symbol>
      <symbol id="sm-50a">
         <name>_KNL_swiptr</name>
         <value>0xad90</value>
         <object_component_ref idref="oc-112"/>
      </symbol>
      <symbol id="sm-50b">
         <name>_KNL_dummy</name>
         <value>0x9834</value>
         <object_component_ref idref="oc-115"/>
      </symbol>
      <symbol id="sm-50c">
         <name>_KNL_curtask</name>
         <value>0xad84</value>
         <object_component_ref idref="oc-112"/>
      </symbol>
      <symbol id="sm-50d">
         <name>_KNL_curqueue</name>
         <value>0xad94</value>
         <object_component_ref idref="oc-112"/>
      </symbol>
      <symbol id="sm-50e">
         <name>_KNL_wList</name>
         <value>0xad6c</value>
         <object_component_ref idref="oc-112"/>
      </symbol>
      <symbol id="sm-50f">
         <name>_KNL_curtime</name>
         <value>0xad8c</value>
         <object_component_ref idref="oc-112"/>
      </symbol>
      <symbol id="sm-510">
         <name>_KNL_set</name>
         <value>0xad80</value>
         <object_component_ref idref="oc-112"/>
      </symbol>
      <symbol id="sm-511">
         <name>_KNL_alarm</name>
         <value>0xad70</value>
         <object_component_ref idref="oc-112"/>
      </symbol>
      <symbol id="sm-512">
         <name>_KNL_prevtask</name>
         <value>0xad88</value>
         <object_component_ref idref="oc-112"/>
      </symbol>
      <symbol id="sm-513">
         <name>_KNL_queues</name>
         <value>0x9794</value>
         <object_component_ref idref="oc-115"/>
      </symbol>
      <symbol id="sm-514">
         <name>_KNL_idlefxn</name>
         <value>0xadac</value>
         <object_component_ref idref="oc-112"/>
      </symbol>
      <symbol id="sm-515">
         <name>_KNL_priority</name>
         <value>0xad7c</value>
         <object_component_ref idref="oc-112"/>
      </symbol>
      <symbol id="sm-516">
         <name>_KNL_treadyfxn</name>
         <value>0xada8</value>
         <object_component_ref idref="oc-112"/>
      </symbol>
      <symbol id="sm-517">
         <name>_KNL_tcreatefxn</name>
         <value>0xada0</value>
         <object_component_ref idref="oc-112"/>
      </symbol>
      <symbol id="sm-518">
         <name>_KNL_wFlag</name>
         <value>0xad68</value>
         <object_component_ref idref="oc-112"/>
      </symbol>
      <symbol id="sm-519">
         <name>_KNL_tdeletefxn</name>
         <value>0xada4</value>
         <object_component_ref idref="oc-112"/>
      </symbol>
      <symbol id="sm-523">
         <name>_KNL_exit</name>
         <value>0x3660</value>
         <object_component_ref idref="oc-118"/>
      </symbol>
      <symbol id="sm-524">
         <name>_KNL_enter</name>
         <value>0x36b4</value>
         <object_component_ref idref="oc-118"/>
      </symbol>
      <symbol id="sm-52c">
         <name>__KNL_lat1beg</name>
         <value>0x3490</value>
         <object_component_ref idref="oc-11b"/>
      </symbol>
      <symbol id="sm-52d">
         <name>__KNL_lat1end</name>
         <value>0x3518</value>
         <object_component_ref idref="oc-11b"/>
      </symbol>
      <symbol id="sm-52e">
         <name>_KNL_max</name>
         <value>0x353c</value>
         <object_component_ref idref="oc-11b"/>
      </symbol>
      <symbol id="sm-52f">
         <name>_KNL_check</name>
         <value>0x3440</value>
         <object_component_ref idref="oc-11b"/>
      </symbol>
      <symbol id="sm-530">
         <name>_KNL_idle</name>
         <value>0x3518</value>
         <object_component_ref idref="oc-11b"/>
      </symbol>
      <symbol id="sm-53a">
         <name>_KNL_post</name>
         <value>0x3aa0</value>
         <object_component_ref idref="oc-120"/>
      </symbol>
      <symbol id="sm-544">
         <name>_KNL_ipost</name>
         <value>0x39e0</value>
         <object_component_ref idref="oc-124"/>
      </symbol>
      <symbol id="sm-54e">
         <name>_KNL_run</name>
         <value>0x1b20</value>
         <object_component_ref idref="oc-128"/>
      </symbol>
      <symbol id="sm-562">
         <name>_MCBSP_reset</name>
         <value>0x5f80</value>
         <object_component_ref idref="oc-205"/>
      </symbol>
      <symbol id="sm-563">
         <name>_MCBSP_close</name>
         <value>0x6e20</value>
         <object_component_ref idref="oc-204"/>
      </symbol>
      <symbol id="sm-564">
         <name>_MCBSP_open</name>
         <value>0x6800</value>
         <object_component_ref idref="oc-1f7"/>
      </symbol>
      <symbol id="sm-565">
         <name>__MCBSP_hDev0</name>
         <value>0x99e0</value>
         <object_component_ref idref="oc-12c"/>
      </symbol>
      <symbol id="sm-566">
         <name>__MCBSP_hDev1</name>
         <value>0x99e4</value>
         <object_component_ref idref="oc-12c"/>
      </symbol>
      <symbol id="sm-567">
         <name>_MCBSP_start</name>
         <value>0x6900</value>
         <object_component_ref idref="oc-1f8"/>
      </symbol>
      <symbol id="sm-575">
         <name>_OBJ_table</name>
         <value>0x98c8</value>
         <object_component_ref idref="oc-132"/>
      </symbol>
      <symbol id="sm-576">
         <name>_OBJ_init</name>
         <value>0xa2e0</value>
         <object_component_ref idref="oc-133"/>
      </symbol>
      <symbol id="sm-577">
         <name>_OBJ_segtab</name>
         <value>0x9900</value>
         <object_component_ref idref="oc-132"/>
      </symbol>
      <symbol id="sm-583">
         <name>_RTDX_Buffer_ReadCB</name>
         <value>0x8f80</value>
         <object_component_ref idref="oc-1f1"/>
      </symbol>
      <symbol id="sm-584">
         <name>RTDX_NORMALIZED_HDR</name>
         <value>0x1</value>
      </symbol>
      <symbol id="sm-585">
         <name>_RTDX_Buffer_Read</name>
         <value>0x9060</value>
         <object_component_ref idref="oc-1df"/>
      </symbol>
      <symbol id="sm-5a1">
         <name>_rtdx_buffer_state</name>
         <value>0x9e90</value>
         <object_component_ref idref="oc-13c"/>
      </symbol>
      <symbol id="sm-5a2">
         <name>_RTDX_Buffer_WriteCB</name>
         <value>0x8640</value>
         <object_component_ref idref="oc-1f2"/>
      </symbol>
      <symbol id="sm-5a3">
         <name>_rtdxNullChanCnt</name>
         <value>0xae24</value>
         <object_component_ref idref="oc-139"/>
      </symbol>
      <symbol id="sm-5a4">
         <name>_RTDX_writing</name>
         <value>0x9e9c</value>
         <object_component_ref idref="oc-13c"/>
      </symbol>
      <symbol id="sm-5a5">
         <name>_RTDX_Buffer_Initialize</name>
         <value>0x8f20</value>
         <object_component_ref idref="oc-1e1"/>
      </symbol>
      <symbol id="sm-5a6">
         <name>_RTDX_Buffer_Write</name>
         <value>0x9080</value>
         <object_component_ref idref="oc-1e0"/>
      </symbol>
      <symbol id="sm-5a7">
         <name>_rtdxNullFuncCnt</name>
         <value>0xae28</value>
         <object_component_ref idref="oc-139"/>
      </symbol>
      <symbol id="sm-5a8">
         <name>_RTDX_Buffer_Size</name>
         <value>0x8fe0</value>
         <object_component_ref idref="oc-1ff"/>
      </symbol>
      <symbol id="sm-5b2">
         <name>_RTDX_Mask_IER</name>
         <value>0x90c0</value>
         <object_component_ref idref="oc-141"/>
      </symbol>
      <symbol id="sm-5ca">
         <name>_RTDX_Mon_Queue</name>
         <value>0x8c80</value>
         <object_component_ref idref="oc-202"/>
      </symbol>
      <symbol id="sm-5cb">
         <name>_rtdx_mon_state</name>
         <value>0x9eb0</value>
         <object_component_ref idref="oc-145"/>
      </symbol>
      <symbol id="sm-5cc">
         <name>_RTDX_JTAGONLY</name>
         <value>0x2</value>
      </symbol>
      <symbol id="sm-5cd">
         <name>_RTDX_Final_RT_Monitor</name>
         <value>0x9020</value>
         <object_component_ref idref="oc-1f4"/>
      </symbol>
      <symbol id="sm-5ce">
         <name>_RTDX_Poll</name>
         <value>0x8240</value>
         <object_component_ref idref="oc-1de"/>
      </symbol>
      <symbol id="sm-5cf">
         <name>_RTDX_Init_RT_Monitor</name>
         <value>0x8ea0</value>
         <object_component_ref idref="oc-1e2"/>
      </symbol>
      <symbol id="sm-5d7">
         <name>_STS_set</name>
         <value>0x4360</value>
         <object_component_ref idref="oc-149"/>
      </symbol>
      <symbol id="sm-5e5">
         <name>_TSK_nTasks</name>
         <value>0xae2c</value>
         <object_component_ref idref="oc-14d"/>
      </symbol>
      <symbol id="sm-5e6">
         <name>_TSK_config</name>
         <value>0x9888</value>
         <object_component_ref idref="oc-150"/>
      </symbol>
      <symbol id="sm-5e7">
         <name>_TSK</name>
         <value>0xae34</value>
         <object_component_ref idref="oc-14d"/>
      </symbol>
      <symbol id="sm-5e8">
         <name>_TSK_timerSem</name>
         <value>0x98a8</value>
         <object_component_ref idref="oc-150"/>
      </symbol>
      <symbol id="sm-5e9">
         <name>_TSK_pid</name>
         <value>0xae30</value>
         <object_component_ref idref="oc-14d"/>
      </symbol>
      <symbol id="sm-5ea">
         <name>_TSK_ATTRS</name>
         <value>0x986c</value>
         <object_component_ref idref="oc-150"/>
      </symbol>
      <symbol id="sm-5f4">
         <name>_TSK_exit</name>
         <value>0x2fa0</value>
         <object_component_ref idref="oc-154"/>
      </symbol>
      <symbol id="sm-5fe">
         <name>_SYS_exit</name>
         <value>0x3c20</value>
         <object_component_ref idref="oc-158"/>
      </symbol>
      <symbol id="sm-60a">
         <name>_SYS_exitStack</name>
         <value>0x9a10</value>
         <object_component_ref idref="oc-15e"/>
      </symbol>
      <symbol id="sm-60b">
         <name>_SYS_exitStackPtr</name>
         <value>0xae40</value>
         <object_component_ref idref="oc-15b"/>
      </symbol>
      <symbol id="sm-60c">
         <name>_SYS_exitStackTop</name>
         <value>0xae44</value>
         <object_component_ref idref="oc-15b"/>
      </symbol>
      <symbol id="sm-616">
         <name>_TSK_init</name>
         <value>0xa260</value>
         <object_component_ref idref="oc-161"/>
      </symbol>
      <symbol id="sm-620">
         <name>_TSK_setup</name>
         <value>0x2a20</value>
         <object_component_ref idref="oc-165"/>
      </symbol>
      <symbol id="sm-632">
         <name>__MEM_mutex</name>
         <value>0x9944</value>
         <object_component_ref idref="oc-16b"/>
      </symbol>
      <symbol id="sm-633">
         <name>_TSK_startup</name>
         <value>0x3380</value>
         <object_component_ref idref="oc-16c"/>
      </symbol>
      <symbol id="sm-634">
         <name>__TSK_mutex</name>
         <value>0x991c</value>
         <object_component_ref idref="oc-16b"/>
      </symbol>
      <symbol id="sm-63e">
         <name>_LCK_pend</name>
         <value>0x3b90</value>
         <object_component_ref idref="oc-171"/>
      </symbol>
      <symbol id="sm-63f">
         <name>_LCK_post</name>
         <value>0x3b60</value>
         <object_component_ref idref="oc-171"/>
      </symbol>
      <symbol id="sm-647">
         <name>_SEM_pend</name>
         <value>0x4080</value>
         <object_component_ref idref="oc-174"/>
      </symbol>
      <symbol id="sm-651">
         <name>_SEM_pendEnterKnl</name>
         <value>0x20a0</value>
         <object_component_ref idref="oc-179"/>
      </symbol>
      <symbol id="sm-659">
         <name>_SEM_postBinary</name>
         <value>0x3820</value>
         <object_component_ref idref="oc-17c"/>
      </symbol>
      <symbol id="sm-65a">
         <name>_SEM_post</name>
         <value>0x3820</value>
         <object_component_ref idref="oc-17c"/>
      </symbol>
      <symbol id="sm-664">
         <name>_SEM_postEnterKnl</name>
         <value>0x3740</value>
         <object_component_ref idref="oc-181"/>
      </symbol>
      <symbol id="sm-66e">
         <name>_SYS_abort</name>
         <value>0x40e0</value>
         <object_component_ref idref="oc-185"/>
      </symbol>
      <symbol id="sm-67c">
         <name>__GBL_setL2CacheMode</name>
         <value>0xc34</value>
         <object_component_ref idref="oc-18b"/>
      </symbol>
      <symbol id="sm-68a">
         <name>__IRQ_eventTable</name>
         <value>0x96c8</value>
         <object_component_ref idref="oc-190"/>
      </symbol>
      <symbol id="sm-68b">
         <name>__IRQ_intTable</name>
         <value>0x974c</value>
         <object_component_ref idref="oc-190"/>
      </symbol>
      <symbol id="sm-68c">
         <name>__IRQ_dispatchTable</name>
         <value>0x978c</value>
         <object_component_ref idref="oc-190"/>
      </symbol>
      <symbol id="sm-68d">
         <name>__IRQ_hookFetchPacket</name>
         <value>0x71a0</value>
         <object_component_ref idref="oc-18e"/>
      </symbol>
      <symbol id="sm-697">
         <name>__SEM_dopost</name>
         <value>0x2800</value>
         <object_component_ref idref="oc-195"/>
      </symbol>
      <symbol id="sm-6a1">
         <name>__auto_init</name>
         <value>0x3140</value>
         <object_component_ref idref="oc-199"/>
      </symbol>
      <symbol id="sm-6ab">
         <name>__divd</name>
         <value>0x43c0</value>
         <object_component_ref idref="oc-1ed"/>
      </symbol>
      <symbol id="sm-6b5">
         <name>__divf</name>
         <value>0x5280</value>
         <object_component_ref idref="oc-1ec"/>
      </symbol>
      <symbol id="sm-6bf">
         <name>__frcmpyd_div</name>
         <value>0x6580</value>
         <object_component_ref idref="oc-1fb"/>
      </symbol>
      <symbol id="sm-6c9">
         <name>__llshru</name>
         <value>0x7060</value>
         <object_component_ref idref="oc-1fa"/>
      </symbol>
      <symbol id="sm-6d3">
         <name>__mpyll</name>
         <value>0x6ec0</value>
         <object_component_ref idref="oc-206"/>
      </symbol>
      <symbol id="sm-6e5">
         <name>__unlock</name>
         <value>0x9a7c</value>
         <object_component_ref idref="oc-1ad"/>
      </symbol>
      <symbol id="sm-6e6">
         <name>__lock</name>
         <value>0x9a78</value>
         <object_component_ref idref="oc-1ad"/>
      </symbol>
      <symbol id="sm-6e7">
         <name>__register_lock</name>
         <value>0x7160</value>
         <object_component_ref idref="oc-1e3"/>
      </symbol>
      <symbol id="sm-6e8">
         <name>__nop</name>
         <value>0x7140</value>
         <object_component_ref idref="oc-1e6"/>
      </symbol>
      <symbol id="sm-6e9">
         <name>__register_unlock</name>
         <value>0x7180</value>
         <object_component_ref idref="oc-1e4"/>
      </symbol>
      <symbol id="sm-6f1">
         <name>__c6xabi_strasgi</name>
         <value>0x66c0</value>
         <object_component_ref idref="oc-1f5"/>
      </symbol>
      <symbol id="sm-6f2">
         <name>__strasgi</name>
         <value>0x66c0</value>
         <object_component_ref idref="oc-1f5"/>
      </symbol>
      <symbol id="sm-700">
         <name>_atexit</name>
         <value>0x6ae0</value>
         <object_component_ref idref="oc-1f3"/>
      </symbol>
      <symbol id="sm-701">
         <name>___atexit_func_id__</name>
         <value>0x9518</value>
         <object_component_ref idref="oc-1b5"/>
      </symbol>
      <symbol id="sm-711">
         <name>_dtors</name>
         <value>0x996c</value>
         <object_component_ref idref="oc-1ba"/>
      </symbol>
      <symbol id="sm-712">
         <name>_call_dtors</name>
         <value>0x6420</value>
         <object_component_ref idref="oc-207"/>
      </symbol>
      <symbol id="sm-713">
         <name>___add_dtor</name>
         <value>0x70c0</value>
         <object_component_ref idref="oc-203"/>
      </symbol>
      <symbol id="sm-71f">
         <name>___TI_enable_exit_profile_output</name>
         <value>0x9a74</value>
         <object_component_ref idref="oc-1bf"/>
      </symbol>
      <symbol id="sm-720">
         <name>__cleanup_ptr</name>
         <value>0x9a6c</value>
         <object_component_ref idref="oc-1bf"/>
      </symbol>
      <symbol id="sm-721">
         <name>__dtors_ptr</name>
         <value>0x9a70</value>
         <object_component_ref idref="oc-1bf"/>
      </symbol>
      <symbol id="sm-741">
         <name>_get_sampling_handle</name>
         <value>0x5d80</value>
         <object_component_ref idref="oc-1e8"/>
      </symbol>
      <symbol id="sm-742">
         <name>_set_samp_freq</name>
         <value>0x5ea0</value>
         <object_component_ref idref="oc-1e8"/>
      </symbol>
      <symbol id="sm-74f">
         <name>_DSK6713_AIC23_closeCodec</name>
         <value>0x6f60</value>
         <object_component_ref idref="oc-1f6"/>
      </symbol>
      <symbol id="sm-759">
         <name>_memcpy</name>
         <value>0x5b40</value>
         <object_component_ref idref="oc-1e5"/>
      </symbol>
      <symbol id="sm-767">
         <name>_sin</name>
         <value>0x5580</value>
         <object_component_ref idref="oc-1ee"/>
      </symbol>
      <symbol id="sm-771">
         <name>__nround</name>
         <value>0x6a00</value>
         <object_component_ref idref="oc-1fd"/>
      </symbol>
      <symbol id="sm-77b">
         <name>__trunc</name>
         <value>0x7100</value>
         <object_component_ref idref="oc-1fc"/>
      </symbol>
      <symbol id="sm-785">
         <name>_modf</name>
         <value>0x6bc0</value>
         <object_component_ref idref="oc-1fe"/>
      </symbol>
   </symbol_table>
</link_info>
