******************************************************************************
               TMS320C6x Linker PC v7.4.23                     
******************************************************************************
>> Linked Thu Jan 30 16:29:49 2020

OUTPUT FILE NAME:   <Sine_wave_generator.out>
ENTRY POINT SYMBOL: "_c_int00"  address: 00009d20


MEMORY CONFIGURATION

         name            origin    length      used     unused   attr    fill
----------------------  --------  ---------  --------  --------  ----  --------
  IRAM                  00000000   00040000  0000b14b  00034eb5  RWIX
  SDRAM                 80000000   00800000  00000000  00800000  RWIX


SECTION ALLOCATION MAP

 output                                  attributes/
section   page    origin      length       input sections
--------  ----  ----------  ----------   ----------------
.prd       0    00000000    00000000     UNINITIALIZED

.data      0    00000000    00000000     UNINITIALIZED

.vers      0    00000000    00000040     COPY SECTION
                  00000000    00000040     dsp_bios_cfg.obj (.vers)

.hwi_vec   0    00000000    00000200     
                  00000000    00000200     dsp_bios_cfg.obj (.hwi_vec)

.bios      0    00000200    000041c0     
                  00000200    00000600     lnkrtdx.a67 : rtdx.o67 (.bios)
                  00000800    000005e0     bios.a67 : gbl_setL2CacheMode.o67 (.bios)
                  00000de0    00000540              : swi.o67 (.bios)
                  00001320    00000460              : hwi_disp_asm.o67 (.bios)
                  00001780    000003a0              : prd.o67 (.bios)
                  00001b20    000002c0              : knl_run.o67 (.bios)
                  00001de0    000002c0              : rta.o67 (.bios)
                  000020a0    000002c0              : sem_pend.o67 (.bios)
                  00002360    00000260              : knl_tick.o67 (.bios)
                  000025c0    00000240              : pip.o67 (.bios)
                  00002800    00000220              : sem_dopo.o67 (.bios)
                  00002a20    00000200              : tsk_setu.o67 (.bios)
                  00002c20    000001c0              : knl_swit.o67 (.bios)
                  00002de0    000001c0     biosC6000.a67 : clk.o67 (.bios)
                  00002fa0    000001a0     bios.a67 : tsk_exit.o67 (.bios)
                  00003140    00000180              : autoinit.o67 (.bios)
                  000032c0    00000180              : tsk_stup.o67 (.bios)
                  00003440    00000140              : knl_chec.o67 (.bios)
                  00003580    000000e0              : gbl_cslcacheinit.o67 (.bios)
                  00003660    000000e0              : knl_exit.o67 (.bios)
                  00003740    000000e0              : sem_post.o67 (.bios)
                  00003820    000000e0              : sem_post_asm.o67 (.bios)
                  00003900    000000e0     biosC6000.a67 : clk_meas.o67 (.bios)
                  000039e0    000000c0     bios.a67 : knl_ipos.o67 (.bios)
                  00003aa0    000000c0              : knl_post.o67 (.bios)
                  00003b60    000000c0              : lck.o67 (.bios)
                  00003c20    000000c0              : sys_exit.o67 (.bios)
                  00003ce0    000000c0     biosC6000.a67 : clk_htime.o67 (.bios)
                  00003da0    00000080     bios.a67 : fxn.o67 (.bios)
                  00003e20    00000080              : idl_busy.o67 (.bios)
                  00003ea0    00000080              : log.o67 (.bios)
                  00003f20    00000080              : sts.o67 (.bios)
                  00003fa0    00000080     biosC6000.a67 : idl_cal.o67 (.bios)
                  00004020    00000060     bios.a67 : hwi_c.o67 (.bios)
                  00004080    00000060              : sem_pend_counting.o67 (.bios)
                  000040e0    00000060              : sys_abor.o67 (.bios)
                  00004140    00000060              : utl_putc.o67 (.bios)
                  000041a0    00000060     biosC6000.a67 : clk_start.o67 (.bios)
                  00004200    00000040     bios.a67 : idl_stub.o67 (.bios)
                  00004240    00000040              : rta_andn.o67 (.bios)
                  00004280    00000040              : utl_doab.o67 (.bios)
                  000042c0    00000040     biosC6000.a67 : clk_stop.o67 (.bios)
                  00004300    00000020     bios.a67 : fxn_c.o67 (.bios)
                  00004320    00000020              : gbl_vers.o67 (.bios)
                  00004340    00000020              : idl.o67 (.bios)
                  00004360    00000020              : sts_set.o67 (.bios)
                  00004380    00000020              : utl_doer.o67 (.bios)
                  000043a0    00000020              : utl_halt.o67 (.bios)

.text      0    000043c0    00002a60     
                  000043c0    00000720     rts6700.lib : divd.obj (.text:__divd)
                  00004ae0    00000480     dsk6713bslccsv4.lib : dsk6713.obj (.text)
                  00004f60    00000300     intio.obj (.text)
                  00005260    000002e0     rts6700.lib : sin.obj (.text:_sin)
                  00005540    000002e0     dsk6713bslccsv4.lib : dsk6713_aic23_opencodec.obj (.text)
                  00005820    00000240     rts6700.lib : memcpy62.obj (.text:_memcpy)
                  00005a60    000001c0     csl6713.lib : csl_irq.obj (.text:_IRQ_map)
                  00005c20    000001a0                 : csl_mcbsp.obj (.text:_MCBSP_reset)
                  00005dc0    00000180     bios.a67 : gbl_cslpllinit62.o67 (.text)
                  00005f40    00000180     dsk6713bslccsv4.lib : dsk6713_aic23_registers.obj (.text)
                  000060c0    00000160     rts6700.lib : sinit.obj (.text:_call_dtors)
                  00006220    00000140                 : frcmpyd_div.obj (.text:__frcmpyd_div)
                  00006360    00000140                 : strasg.obj (.text:__strasgi)
                  000064a0    00000100     csl6713.lib : csl_mcbsp.obj (.text:_MCBSP_open)
                  000065a0    00000100                 : csl_mcbsp.obj (.text:_MCBSP_start)
                  000066a0    000000e0     rts6700.lib : round.obj (.text:__nround)
                  00006780    000000e0                 : atexit.obj (.text:_atexit)
                  00006860    000000e0                 : modf.obj (.text:_modf)
                  00006940    000000e0     dsk6713bslccsv4.lib : helper_functions_ISR.obj (.text)
                  00006a20    000000c0     bios.a67 : tsk_stup.o67 (.text)
                  00006ae0    000000a0     rts6700.lib : mpyll.obj (.text:__mpyll)
                  00006b80    000000a0     csl6713.lib : csl_irq.obj (.text:_setMux)
                  00006c20    00000060     rts6700.lib : llshift.obj (.text:__llshru)
                  00006c80    00000040     csl6713.lib : csl_irq.obj (.text:_IRQ_enable)
                  00006cc0    00000040     rts6700.lib : sinit.obj (.text:___add_dtor)
                  00006d00    00000040                 : trunc.obj (.text:__trunc)
                  00006d40    00000020     csl6713.lib : csl_irq.obj (.text:_IRQ_globalDisable)
                  00006d60    00000020                 : csl_irq.obj (.text:_IRQ_globalEnable)
                  00006d80    00000020                 : csl_irq.obj (.text:_IRQ_nmiEnable)
                  00006da0    00000020     rts6700.lib : _lock.obj (.text:__nop)
                  00006dc0    00000020                 : _lock.obj (.text:__register_lock)
                  00006de0    00000020                 : _lock.obj (.text:__register_unlock)
                  00006e00    00000020     csl6713.lib : csl_irq.obj (.text)

.cinit     0    00006e20    00000fcc     
                  00006e20    00000564     dsp_bios_cfg.obj (.cinit)
                  00007384    00000004     --HOLE-- [fill = 0]
                  00007388    0000026c     bios.a67 : biosdata.o67 (.cinit)
                  000075f4    00000004     --HOLE-- [fill = 0]
                  000075f8    000001a4              : knl.o67 (.cinit)
                  0000779c    00000004     --HOLE-- [fill = 0]
                  000077a0    0000012c     csl6713.lib : csl_irq.obj (.cinit)
                  000078cc    00000004     --HOLE-- [fill = 0]
                  000078d0    000000b0     bios.a67 : swi.o67 (.cinit)
                  00007980    00000080              : tsk.o67 (.cinit)
                  00007a00    00000060              : tsk_stup.o67 (.cinit)
                  00007a60    0000005c     lnkrtdx.a67 : rtdx.o67 (.cinit)
                  00007abc    00000004     --HOLE-- [fill = 0]
                  00007ac0    00000054     csl6713.lib : csl_mcbsp.obj (.cinit)
                  00007b14    00000004     --HOLE-- [fill = 0]
                  00007b18    0000004c     bios.a67 : rta.o67 (.cinit)
                  00007b64    00000004     --HOLE-- [fill = 0]
                  00007b68    0000004c     rtdx.lib : buffer1.o62 (.cinit)
                  00007bb4    00000004     --HOLE-- [fill = 0]
                  00007bb8    00000048     rts6700.lib : sin.obj (.cinit)
                  00007c00    0000003c     intio.obj (.cinit)
                  00007c3c    00000004     --HOLE-- [fill = 0]
                  00007c40    00000034     bios.a67 : hwi.o67 (.cinit)
                  00007c74    00000004     --HOLE-- [fill = 0]
                  00007c78    00000030     dsk6713bslccsv4.lib : dsk6713_aic23_registers.obj (.cinit)
                  00007ca8    0000002c     bios.a67 : utl_putc.o67 (.cinit)
                  00007cd4    00000004     --HOLE-- [fill = 0]
                  00007cd8    0000002c     rts6700.lib : exit.obj (.cinit)
                  00007d04    00000004     --HOLE-- [fill = 0]
                  00007d08    00000024     bios.a67 : obj_init.o67 (.cinit)
                  00007d2c    00000004     --HOLE-- [fill = 0]
                  00007d30    0000001c              : sys.o67 (.cinit)
                  00007d4c    00000004     --HOLE-- [fill = 0]
                  00007d50    0000001c     rts6700.lib : _lock.obj (.cinit)
                  00007d6c    00000004     --HOLE-- [fill = 0]
                  00007d70    0000001c                 : atexit.obj (.cinit)
                  00007d8c    00000004     --HOLE-- [fill = 0]
                  00007d90    00000018     bios.a67 : knl_tick.o67 (.cinit)
                  00007da8    0000000c              : gbl_setL2CacheMode.o67 (.cinit)
                  00007db4    00000004     --HOLE-- [fill = 0]
                  00007db8    0000000c              : idl_busy.o67 (.cinit)
                  00007dc4    00000004     --HOLE-- [fill = 0]
                  00007dc8    0000000c              : knl_swit.o67 (.cinit)
                  00007dd4    00000004     --HOLE-- [fill = 0]
                  00007dd8    0000000c     rts6700.lib : sinit.obj (.cinit)
                  00007de4    00000004     --HOLE-- [fill = 0]
                  00007de8    00000004     (.pad.cinit) [fill = 0]

.hst1      0    00007dec    00000010     UNINITIALIZED
                  00007dec    00000010     dsp_bios_cfg.obj (.hst1)

.args      0    00007dfc    00000004     
                  00007dfc    00000004     --HOLE-- [fill = 0]

.rtdx_text 
*          0    00007e00    00000ea0     
                  00007e00    00000400     rtdx.lib : rtdx_mon.o62 (.rtdx_text:_RTDX_Poll)
                  00008200    00000340              : buffer1.o62 (.rtdx_text:_RTDX_Buffer_WriteCB)
                  00008540    00000300              : buffer1.o62 (.rtdx_text:_RTDX_write_next)
                  00008840    00000140              : rtdx_mon.o62 (.rtdx_text:_RTDX_Mon_Queue)
                  00008980    000000e0              : buffer1.o62 (.rtdx_text:_claim)
                  00008a60    00000080              : rtdx_mon.o62 (.rtdx_text:_RTDX_Init_RT_Monitor)
                  00008ae0    00000060              : buffer1.o62 (.rtdx_text:_RTDX_Buffer_Initialize)
                  00008b40    00000060              : buffer2.o62 (.rtdx_text:_RTDX_Buffer_ReadCB)
                  00008ba0    00000040              : buffer1.o62 (.rtdx_text:_RTDX_Buffer_Size)
                  00008be0    00000040              : rtdx_mon.o62 (.rtdx_text:_RTDX_Final_RT_Monitor)
                  00008c20    00000020              : buffer2.o62 (.rtdx_text:_RTDX_Buffer_Read)
                  00008c40    00000020              : buffer1.o62 (.rtdx_text:_RTDX_Buffer_Write)
                  00008c60    00000020              : rtdx_mon.o62 (.rtdx_text:_RTDX_checksum)
                  00008c80    00000020              : intr_tgt.o62 (.rtdx_text)

.far       0    00008ca0    00000970     UNINITIALIZED
                  00008ca0    00000428     intio.obj (.far)
                  000090c8    00000188     rts6700.lib : atexit.obj (.far)
                  00009250    000000f4     csl6713.lib : csl_irq.obj (.far)
                  00009344    000000d8     bios.a67 : knl.o67 (.far)
                  0000941c    0000005c              : tsk.o67 (.far)
                  00009478    00000054              : obj_init.o67 (.far)
                  000094cc    00000050              : tsk_stup.o67 (.far)
                  0000951c    00000004     rts6700.lib : sinit.obj (.far)
                  00009520    00000040                 : sin.obj (.far)
                  00009560    00000038     csl6713.lib : csl_mcbsp.obj (.far)
                  00009598    00000028     dsk6713bslccsv4.lib : dsk6713_aic23_registers.obj (.far)
                  000095c0    00000020     bios.a67 : sys.o67 (.far)
                  000095e0    00000010              : knl_tick.o67 (.far)
                  000095f0    0000000c              : utl_putc.o67 (.far)
                  000095fc    0000000c     rts6700.lib : exit.obj (.far)
                  00009608    00000008                 : _lock.obj (.far)

.rtdx_data 
*          0    00009610    0000044c     UNINITIALIZED
                  00009610    00000410     dsp_bios_cfg.obj (.rtdx_data)
                  00009a20    00000020     rtdx.lib : buffer1.o62 (.rtdx_data)
                  00009a40    0000001c              : rtdx_mon.o62 (.rtdx_data)

.sysinit   0    00009a60    00000420     
                  00009a60    000002c0     dsp_bios_cfg.obj (.sysinit)
                  00009d20    000000c0     bios.a67 : boot.o67 (.sysinit)
                  00009de0    00000080              : tsk_init.o67 (.sysinit)
                  00009e60    00000020              : obj_init.o67 (.sysinit)

.TSK_idle$stk 
*          0    00009e80    00000400     UNINITIALIZED
                  00009e80    00000400     dsp_bios_cfg.obj (.TSK_idle$stk)

.stack     0    0000a280    00000400     UNINITIALIZED
                  0000a280    00000400     --HOLE--

.bss       0    0000a680    00000346     UNINITIALIZED
                  0000a680    00000100     bios.a67 : hwi_disp_asm.o67 (.bss)
                  0000a780    000000cc              : biosdata.o67 (.bss)
                  0000a84c    0000009c              : swi.o67 (.bss)
                  0000a8e8    00000048              : knl.o67 (.bss)
                  0000a930    00000018              : hwi.o67 (.bss)
                  0000a948    00000018     dsp_bios_cfg.obj (.bss)
                  0000a960    00000018     lnkrtdx.a67 : rtdx.o67 (.bss)
                  0000a978    00000010     rtdx.lib : buffer1.o62 (.bss)
                  0000a988    0000000c     bios.a67 : tsk.o67 (.bss)
                  0000a994    0000000c     intio.obj (.bss)
                  0000a9a0    00000008     bios.a67 : clk_data.o67 (.bss)
                  0000a9a8    00000008              : sys.o67 (.bss)
                  0000a9b0    00000008     dsk6713bslccsv4.lib : dsk6713_aic23_opencodec.obj (.bss)
                  0000a9b8    00000004     bios.a67 : clk_data2.o67 (.bss)
                  0000a9bc    00000004              : gbl_setL2CacheMode.o67 (.bss)
                  0000a9c0    00000004              : idl_busy.o67 (.bss)
                  0000a9c4    00000002     dsk6713bslccsv4.lib : dsk6713.obj (.bss)

.trace     0    0000a9c8    00000200     
                  0000a9c8    00000200     --HOLE-- [fill = 00000000]

.sts       0    0000abc8    00000030     
                  0000abc8    00000030     dsp_bios_cfg.obj (.sts)

.clk       0    0000abf8    00000008     UNINITIALIZED
                  0000abf8    00000008     dsp_bios_cfg.obj (.clk)

.LOG_system$buf 
*          0    0000ac00    00000100     UNINITIALIZED
                  0000ac00    00000100     dsp_bios_cfg.obj (.LOG_system$buf)

.hst0      0    0000ad00    00000100     UNINITIALIZED
                  0000ad00    00000100     dsp_bios_cfg.obj (.hst0)

.const     0    0000ae00    000000f9     
                  0000ae00    0000004e     bios.a67 : tsk_stup.o67 (.const)
                  0000ae4e    00000002     --HOLE-- [fill = 0]
                  0000ae50    00000040     dsk6713bslccsv4.lib : dsk6713_aic23_opencodec.obj (.const)
                  0000ae90    00000023     bios.a67 : utl_doab.o67 (.const)
                  0000aeb3    00000022              : utl_doer.o67 (.const)
                  0000aed5    00000003     --HOLE-- [fill = 0]
                  0000aed8    00000020     dsk6713bslccsv4.lib : dsk6713.obj (.const)
                  0000aef8    00000001     bios.a67 : tsk.o67 (.const)

.printf    0    0000aef9    0000003f     COPY SECTION
                  0000aef9    0000003f     dsp_bios_cfg.obj (.printf)

.pip       0    0000aefc    000000c8     UNINITIALIZED
                  0000aefc    000000c8     dsp_bios_cfg.obj (.pip)

.tsk       0    0000afc4    00000060     UNINITIALIZED
                  0000afc4    00000060     dsp_bios_cfg.obj (.tsk)

.gblinit   0    0000b024    00000040     
                  0000b024    00000040     dsp_bios_cfg.obj (.gblinit)

.hst       0    0000b064    0000003c     UNINITIALIZED
                  0000b064    0000003c     dsp_bios_cfg.obj (.hst)

.swi       0    0000b0a0    0000002c     UNINITIALIZED
                  0000b0a0    0000002c     dsp_bios_cfg.obj (.swi)

.switch    0    0000b0cc    00000028     
                  0000b0cc    00000028     rtdx.lib : rtdx_mon.o62 (.switch)

.log       0    0000b0f4    00000018     
                  0000b0f4    00000018     dsp_bios_cfg.obj (.log)

.idl       0    0000b10c    00000010     UNINITIALIZED
                  0000b10c    00000010     dsp_bios_cfg.obj (.idl)

.idlcal    0    0000b11c    00000010     UNINITIALIZED
                  0000b11c    00000010     dsp_bios_cfg.obj (.idlcal)

.sys       0    0000b12c    00000010     UNINITIALIZED
                  0000b12c    00000010     dsp_bios_cfg.obj (.sys)

.pinit     0    0000b13c    0000000c     
                  0000b13c    00000004     rtdx.lib : buffer1.o62 (.pinit)
                  0000b140    00000004              : rtdx_mon.o62 (.pinit)
                  0000b144    00000004     --HOLE-- [fill = 0]

.trcdata   0    0000b148    0000000c     
                  0000b148    0000000c     bios.a67 : trc.o67 (.trcdata)


GLOBAL SYMBOLS: SORTED ALPHABETICALLY BY Name 

address    name
--------   ----
0000a680   $bss
0000a680   .bss
00000000   .data
000043c0   .text
00009c04   BIOS$$CLKOFF
00009bc4   BIOS$$CLKON
00009a60   BIOS_init
00009c6c   BIOS_start
00000000   BUF$
00000001   BUF_ENABLED
00000001   CLK$
0000abf8   CLK_A_TABBEG
00000001   CLK_CALDIV
00000004   CLK_CALMULT
0000dbba   CLK_COUNTSPMS
00000000   CLK_COUNTSPMSHIGH
0000a7a8   CLK_D_idletime
0000a7a4   CLK_D_isrhook
0000a7a0   CLK_D_tabbeg
0000a79c   CLK_D_timefxn
00003ce0   CLK_F_getfhtime
00003d00   CLK_F_gethtime
00002de0   CLK_F_getltime
00003d00   CLK_F_getshtime
00002df4   CLK_F_isr
00002f54   CLK_F_itime
00001320   CLK_HOOKFXN
00000001   CLK_HTIMEDIV
00000004   CLK_HTIMEMULT
0000dbba   CLK_HTIMEPERLTIME
00004000   CLK_INTBIT
00000001   CLK_LTIMEDIV
00036ee8   CLK_LTIMEMULT
000003e8   CLK_MICROSECS
0000dbba   CLK_PRD
00000000   CLK_PRDHIGH
01940000   CLK_REGS
0000a798   CLK_R_time
00000020   CLK_TCR
00000000   CLK_TDDR
00000000   CLK_TDDRHIGH
00003d00   CLK_TIMEFXN
00000000   CLK_TIMERNUM
00000001   CLK_USETIMER
0000abfc   CLK_null
00000000   DEV$
00000000   DGN$
00000000   DHL$
00000000   DHL_gChannelsAvailable
00000000   DIO$
00000000   DIO_NUMSWIBASE
00000000   DIO_NUMTSKBASE
00000000   DIO_STATIC
00000000   DPI$
00003da0   FXN_F_nop
00003da8   FXN_F_run
00003df8   FXN_F_zero
00000001   GBL$
00005205   GBL_A_VERSION
00000000   GBL_BIGENDIAN
00000000   GBL_C641XL2PRIORITY
00000000   GBL_CACHE
00000001   GBL_CALLCSLCFGINIT
00004e20   GBL_CLKIN
00001770   GBL_CLKTYPE
00001a39   GBL_DSPSUBTYPE
0000003e   GBL_DSPTYPE
00000001   GBL_ENABLEINST
00000042   GBL_FOOTPRINT
00036ee8   GBL_FREQ
00002226   GBL_L2ALLOC
00000000   GBL_L2CONFIGALLOC
00000001   GBL_L2CONFIGURE
00000001   GBL_L2MARMASK
00000000   GBL_L2MARMASK1
00000000   GBL_L2MARMASK2
00000000   GBL_L2MARMASK3
00000000   GBL_L2MARMASK4
00000000   GBL_L2MARMASK5
00000000   GBL_L2MODE
00000000   GBL_L2PRIORITY
00000000   GBL_NULL
00000000   GBL_PROCID
00000000   GBL_ROM
00000000   GBL_SUPPORTCSL
0000dbef   GBL_TRCMASKVALUE
00000001   GBL_USERINIT
00005de8   GBL_USERINITFXN
00000001   GBL_boot
0000b150   GBL_initdone
0000a280   GBL_stackbeg
0000a67f   GBL_stackend
00000000   GIO$
00004300   GIO_CREATEFXN
00004300   GIO_DELETEFXN
00004300   GIO_PENDFXN
00004300   GIO_POSTFXN
00000000   HOOK$
00000000   HOOK_KNLID
00000001   HST$
0000b064   HST_A_TABBEG
0000b0a0   HST_A_TABEND
00000000   HST_DSM
ffffffff   HST_DSMBUFSEG
00000400   HST_DSMMEMSIZE
0000a814   HST_D_chanmask
0000a818   HST_D_tabbeg
0000a81c   HST_D_tabend
000000ff   HST_MAXFRAMEALLOWED
00000040   HST_MAXFRAMESET
00000000   HST_NONE
00000001   HST_RTDX
00000001   HWI$
00000000   HWI_A_VECS
00004018   HWI_CFGDISPATCHED
0000a940   HWI_D_bss
0000a944   HWI_D_ccmask
0000a930   HWI_D_spsave
00001320   HWI_F_dispatch
00000000   HWI_GENERATE_RESET_VEC
0000000a   HWI_INT10
00000000   HWI_INT10$hwi
0000000b   HWI_INT11
00000000   HWI_INT11$hwi
0000000c   HWI_INT12
00000000   HWI_INT12$hwi
0000000d   HWI_INT13
00000000   HWI_INT13$hwi
0000000e   HWI_INT14
00000000   HWI_INT14$hwi
0000000f   HWI_INT15
00000000   HWI_INT15$hwi
00000004   HWI_INT4
00000000   HWI_INT4$hwi
00000005   HWI_INT5
00000000   HWI_INT5$hwi
00000006   HWI_INT6
00000000   HWI_INT6$hwi
00000007   HWI_INT7
00000000   HWI_INT7$hwi
00000008   HWI_INT8
00000000   HWI_INT8$hwi
00000009   HWI_INT9
00000000   HWI_INT9$hwi
082039a3   HWI_INTRMULTHIGH
310718ae   HWI_INTRMULTLOW
00000001   HWI_NMI
00000000   HWI_NMI$hwi
00000000   HWI_POLARITYMASK
00000002   HWI_RESERVED0
00000000   HWI_RESERVED0$hwi
00000003   HWI_RESERVED1
00000000   HWI_RESERVED1$hwi
00000000   HWI_RESET
00000000   HWI_RESET$hwi
00000001   HWI_ZEROTAB
00000001   IDL$
0000b11c   IDL_A_CALBEG
0000b10c   IDL_A_TABBEG
00000006   IDL_CALIBRERROR
00004200   IDL_CALIBRFXN
0000a9c0   IDL_D_busyObj
0000a788   IDL_D_calbeg
0000a784   IDL_D_calibrate
0000a780   IDL_D_tabbeg
0000b118   IDL_END
0000b128   IDL_END$
00003e20   IDL_F_busy
00003fa0   IDL_F_calibrate
00004340   IDL_F_loop
00004200   IDL_F_stub
00000001   IDL_USECLKIDLTIME
0000abec   IDL_busyObj
0000af33   IDL_busyObj$avgfmt
00000001   IDL_busyObj$filter
00000001   IDL_busyObj$iA
00000000   IDL_busyObj$iB
00000001   IDL_busyObj$iC
0000af2d   IDL_busyObj$maxfmt
00000000   IDL_busyObj$operation
0000abe8   IDL_busyObj$stsobj
0000af30   IDL_busyObj$sumfmt
00000002   IDL_busyObj$unittype
0000b10c   IDL_cpuLoad
0000b11c   IDL_cpuLoad$
ffffffff   IRAM
00000001   ISRC$
00002da0   KNL_glue
0000b0a0   KNL_swi
00000001   KNL_swi$dorta
00000000   KNL_swi$ord
00000000   KNL_swi$pri
0000abcc   KNL_swi$sts
0000af09   KNL_swi$sts$avgfmt
00000002   KNL_swi$sts$filter
00000001   KNL_swi$sts$filtmaxmult
00000001   KNL_swi$sts$filtsummult
0000aef9   KNL_swi$sts$maxfmt
0000abc8   KNL_swi$sts$stsobj
0000af01   KNL_swi$sts$sumfmt
00000000   KNL_swi$sts$unittype
00000000   KNL_swi$swi
00000001   LCK$
00000200   LNK_F_checkBufferCall
00000280   LNK_F_dataPump
00000220   LNK_F_getChanPtr
00000278   LNK_F_init
000007c4   LNK_F_readCallBack
0000b110   LNK_dataPump
0000b120   LNK_dataPump$
0000a964   LNK_dspFrameReadyMask
0000a960   LNK_dspFrameRequestMask
00000520   LNK_newin
00000660   LNK_newout
00000294   LNK_rcloop
00000360   LNK_rdrtry
0000a96c   LNK_readDone
0000a970   LNK_readFail
0000a968   LNK_readPend
00000370   LNK_rrloop
0000a974   LNK_writeFail
00000444   LNK_wrloop
00000434   LNK_wrrtry
00000001   LOG$
0000b0f4   LOG_A_TABBEG
0000b10c   LOG_A_TABEND
00000001   LOG_A_TABLEN
0000a78c   LOG_D_system
00000001   LOG_ENABLED
00003ea0   LOG_F_event
0000b0f4   LOG_system
0000ac00   LOG_system$buf
00000000   LOG_system$datatype
00000000   LOG_system$log
00000040   LOG_system$size
00000000   MBX$
00000001   MEM$
00000000   MEM_MALLOCSEG
00000000   MEM_NULL
00000000   MEM_SEGZERO
00000000   MEM_USEMPC
00000000   MEM_gNumHeap
00000000   MSGQ$
00000000   MSGQ_USEMSGQ
00000000   OBJ$
00000000   PIP$
0000aefc   PIP_A_TABBEG
0000afc4   PIP_A_TABEND
00000002   PIP_A_TABLEN
0000a790   PIP_D_tabbeg
0000a794   PIP_D_tablen
00002654   PIP_F_give
00002654   PIP_F_probe
00002728   PIP_F_start
000025c0   PIP_F_take
00000064   PIP_OBJSIZE
00000000   PIP_gNextId
00000002   PIP_gNumEmbed
00000000   POOL$
00000000   POOL_USEPOOL
00000001   PRD$
00000000   PRD_A_TABBEG
00000000   PRD_A_TABEND
00000000   PRD_A_TABLEN
0000a7d0   PRD_D_cur
0000a7d4   PRD_D_elapsed
0000a7d8   PRD_D_prevtim
0000a7dc   PRD_D_scalar
0000a7e0   PRD_D_swihandle
0000a7e4   PRD_D_tabbeg
0000a7e8   PRD_D_tablen
0000a7ec   PRD_D_thook
0000a7cc   PRD_D_tick
00001780   PRD_F_swi
00001a40   PRD_F_tick
00004000   PRD_SCALAR
00000000   PRD_SWIHANDLE
000025a0   PRD_THOOKFXN
0000abf8   PRD_clock
00000001   QUE$
0000a7f0   RTA_D_fromHost
0000a7f8   RTA_D_logval
0000a808   RTA_D_stsval
0000a7f4   RTA_D_toHost
00004240   RTA_F_andn
00001ed8   RTA_F_dispatch
00001de0   RTA_F_getlog
00001e24   RTA_F_getsts
00004260   RTA_F_or
00001e6c   RTA_F_readblk
00001e98   RTA_F_resetmem
00001e8c   RTA_F_writeword
0000b114   RTA_dispatcher
0000b124   RTA_dispatcher$
00001f28   RTA_execute
0000b068   RTA_fromHost
00007dec   RTA_fromHost$buf
00000004   RTA_fromHost$framesize
00000000   RTA_fromHost$hst
00000001   RTA_fromHost$id
00000000   RTA_fromHost$mode
0000aefc   RTA_fromHost$pipe
0000af2c   RTA_fromHost$pipe$aaa
0000af5c   RTA_fromHost$pipe$bbb
0000a948   RTA_fromHost$pipe$dtab
0000af00   RTA_fromHost$pipe$rd
0000af30   RTA_fromHost$pipe$wr
0000b070   RTA_fromHost$rtdx
0000b084   RTA_toHost
0000ad00   RTA_toHost$buf
00000040   RTA_toHost$framesize
00000000   RTA_toHost$hst
00000000   RTA_toHost$id
00000001   RTA_toHost$mode
0000af60   RTA_toHost$pipe
0000af90   RTA_toHost$pipe$aaa
0000afc0   RTA_toHost$pipe$bbb
0000a954   RTA_toHost$pipe$dtab
0000af64   RTA_toHost$pipe$rd
0000af94   RTA_toHost$pipe$wr
0000b08c   RTA_toHost$rtdx
00000001   RTDX$
00000408   RTDX_BUFMEMSIZE
ffffffff   RTDX_DATAMEMSEG
00000000   RTDX_MODE
00000001   RTDX_NORMALIZED_HDR
00000001   RTDX_USERTDX
00000000   RTDX_USERTEXECUTION
ffffffff   SDRAM
00000000   SEM$
00000000   SIO$
00000001   STS$
0000abc8   STS_A_TABBEG
0000abf8   STS_A_TABEND
00003f58   STS_F_add
00003f20   STS_F_delta
00003f84   STS_F_reset
00000001   SWI$
0000b0a0   SWI_A_TABBEG
0000b0cc   SWI_A_TABEND
00000001   SWI_A_TABLEN
0000a864   SWI_D_curfxn
0000a854   SWI_D_curmask
0000a860   SWI_D_curmbox
0000a858   SWI_D_curset
0000a850   SWI_D_execaddr
0000a86c   SWI_D_inswi
0000a85c   SWI_D_lock
0000a868   SWI_D_rdybeg
0000a870   SWI_D_rdytab
0000a84c   SWI_D_runaddr
00000000   SWI_EHOOKFXN
00000ffc   SWI_EXECFXN
00000de0   SWI_F_enable
00000ffc   SWI_F_exec
00001028   SWI_F_iexec
00000e50   SWI_F_post
000010b8   SWI_F_run
00000000   SWI_IHOOKFXN
000010b8   SWI_RUNFXN
00000001   SYS$
0000b12c   SYS$config
00004280   SYS_ABORTFXN
00004380   SYS_ERRORFXN
000043a0   SYS_EXITFXN
00004140   SYS_PUTCFXN
0000b14c   TRC_R_mask
0000b148   TRC_cinit
00000001   TSK$
00000000   TSK_NUM_HOOKS
00000001   TSK_PRIORITY
00000000   TSK_READYFXN
00000000   TSK_STACKSEG
00000400   TSK_STACKSIZE
00000000   TSK_SWITCHFXN
00004300   TSK_VCREATEFXN
00004300   TSK_VDELETEFXN
00004300   TSK_VEXITFXN
0000afd0   TSK_idle
00000000   TSK_idle$ord
00000000   TSK_idle$pri
00009e80   TSK_idle$stack
0000a218   TSK_idle$stkptr
0000abdc   TSK_idle$sts
0000af23   TSK_idle$sts$avgfmt
00000002   TSK_idle$sts$filter
00000001   TSK_idle$sts$filtmaxmult
00000001   TSK_idle$sts$filtsummult
0000af13   TSK_idle$sts$maxfmt
0000abd8   TSK_idle$sts$stsobj
0000af1b   TSK_idle$sts$sumfmt
00000000   TSK_idle$sts$unittype
00000000   TSK_idle$tsk
00000000   UDEV$
00009a60   _BIOS_init
00009c6c   _BIOS_start
0000dbba   _CLK_COUNTSPMS
0000a9a0   _CLK_DFLTMICROSECS
0000a7c8   _CLK_D_countspms
0000a7bc   _CLK_D_dirty
0000a9a4   _CLK_D_microseconds
0000a7c0   _CLK_D_prd
0000a7c4   _CLK_D_tddr
00002f54   _CLK_F_itime
0000dbba   _CLK_PRD
01940000   _CLK_REGS
00000000   _CLK_TDDR
00000000   _CLK_TIMERNUM
00000001   _CLK_USETIMER
0000a7ac   _CLK_htimeDiv
0000a7b0   _CLK_htimeMult
0000a9b8   _CLK_htimePerLtime
00002f54   _CLK_itime
0000a7b4   _CLK_ltimeDiv
0000a7b8   _CLK_ltimeMult
00003900   _CLK_measure
000041a0   _CLK_start
000042c0   _CLK_stop
00008ca0   _Config
0000a9b0   _DSK6713_AIC23_codeccontrolhandle
0000a9b4   _DSK6713_AIC23_codecdatahandle
0000602c   _DSK6713_AIC23_config
00005540   _DSK6713_AIC23_openCodec
00006008   _DSK6713_AIC23_rget
00005f40   _DSK6713_AIC23_rset
00004c60   _DSK6713_getVersion
00004cb0   _DSK6713_init
00004bcc   _DSK6713_rget
00004bb8   _DSK6713_rset
0000a9c4   _DSK6713_version
00004ae0   _DSK6713_wait
00004b84   _DSK6713_waitusec
00004300   _FXN_F_nop
00003da8   _FXN_F_run
00003df8   _FXN_F_zero
00000000   _GBL_CACHE
0000a824   _GBL_clkIn
00003580   _GBL_cslCacheInit
0000a828   _GBL_freq
00004320   _GBL_getVersion
0000a820   _GBL_procId
00005de8   _GBL_setPLLto225MHz
0000b064   _HST_A_TABBEG
0000b0a0   _HST_A_TABEND
00004018   _HWI_CFGDISPATCHED
0000a93c   _HWI_D_inhwi
0000a930   _HWI_D_spsave
00001320   _HWI_F_dispatch
0000000a   _HWI_INT10
0000000b   _HWI_INT11
0000000c   _HWI_INT12
0000000d   _HWI_INT13
0000000e   _HWI_INT14
0000000f   _HWI_INT15
00000004   _HWI_INT4
00000005   _HWI_INT5
00000006   _HWI_INT6
00000007   _HWI_INT7
00000008   _HWI_INT8
00000009   _HWI_INT9
00000001   _HWI_NMI
00000002   _HWI_RESERVED0
00000003   _HWI_RESERVED1
00000000   _HWI_RESET
0000a678   _HWI_STKBOTTOM
0000a280   _HWI_STKTOP
0000a930   _HWI_data
00004020   _HWI_disable
0000a680   _HWI_dispatchTab
00004038   _HWI_enable
0000404c   _HWI_restore
0000a99c   _H_Codec
0000abec   _IDL_busyObj
0000b10c   _IDL_cpuLoad
00004340   _IDL_loop
ffffffff   _IRAM
00006c80   _IRQ_enable
00006d40   _IRQ_globalDisable
00006d60   _IRQ_globalEnable
00005a60   _IRQ_map
00006d80   _IRQ_nmiEnable
000050f8   _InterupptSR
0000a8f0   _KNL_alarm
00003440   _KNL_check
0000a914   _KNL_curqueue
0000a904   _KNL_curtask
0000a90c   _KNL_curtime
000093e4   _KNL_dummy
000036b4   _KNL_enter
00003660   _KNL_exit
00003518   _KNL_idle
0000a92c   _KNL_idlefxn
0000a8f8   _KNL_inactive
000039e0   _KNL_ipost
0000353c   _KNL_max
0000a918   _KNL_maxqueue
00003aa0   _KNL_post
0000a908   _KNL_prevtask
0000a8fc   _KNL_priority
00009344   _KNL_queues
00001b20   _KNL_run
00002c20   _KNL_saveIsrFrame
0000a900   _KNL_set
0000a8f4   _KNL_setpri
0000b0a0   _KNL_swi
0000a910   _KNL_swiptr
00002cec   _KNL_switch
0000a920   _KNL_tcreatefxn
0000a924   _KNL_tdeletefxn
000025a0   _KNL_tick
0000a928   _KNL_treadyfxn
0000a91c   _KNL_tswitchfxn
0000a8e8   _KNL_wFlag
0000a8ec   _KNL_wList
00003b90   _LCK_pend
00003b60   _LCK_post
0000b110   _LNK_dataPump
0000a964   _LNK_dspFrameReadyMask
0000a960   _LNK_dspFrameRequestMask
0000a96c   _LNK_readDone
0000a970   _LNK_readFail
0000a968   _LNK_readPend
0000a974   _LNK_writeFail
0000b0f4   _LOG_A_TABBEG
0000b10c   _LOG_A_TABEND
00000001   _LOG_A_TABLEN
0000a78c   _LOG_D_system
00003ea0   _LOG_event
0000b0f4   _LOG_system
000064a0   _MCBSP_open
00005c20   _MCBSP_reset
000065a0   _MCBSP_start
0000a82c   _MEM_D_NUMSEGMENTS
0000a834   _MEM_D_freelist
0000a838   _MEM_D_lockaddr
0000a830   _MEM_D_memtab
0000a83c   _MEM_D_unlockaddr
00000000   _MEM_memtab
00009e60   _OBJ_init
000094b0   _OBJ_segtab
00009478   _OBJ_table
0000aefc   _PIP_A_TABBEG
0000afc4   _PIP_A_TABEND
0000a7cc   _PRD_D_tick
0000abf8   _PRD_clock
0000b114   _RTA_dispatcher
0000b068   _RTA_fromHost
0000b084   _RTA_toHost
00009610   _RTDX_Buffer
00009a1c   _RTDX_Buffer_End
00008ae0   _RTDX_Buffer_Initialize
00008c20   _RTDX_Buffer_Read
00008b40   _RTDX_Buffer_ReadCB
00008ba0   _RTDX_Buffer_Size
00009a18   _RTDX_Buffer_Start
00008c40   _RTDX_Buffer_Write
00008200   _RTDX_Buffer_WriteCB
00008be0   _RTDX_Final_RT_Monitor
00008a60   _RTDX_Init_RT_Monitor
00000002   _RTDX_JTAGONLY
00008c80   _RTDX_Mask_IER
00008840   _RTDX_Mon_Queue
00007e00   _RTDX_Poll
00000000   _RTDX_interrupt_mask
00009a2c   _RTDX_writing
ffffffff   _SDRAM
00004080   _SEM_pend
000020a0   _SEM_pendEnterKnl
00003820   _SEM_post
00003820   _SEM_postBinary
00003740   _SEM_postEnterKnl
0000abc8   _STS_A_TABBEG
0000abf8   _STS_A_TABEND
00003f58   _STS_add
00003f20   _STS_delta
00003f84   _STS_reset
00004360   _STS_set
0000a864   _SWI_D_curfxn
0000a854   _SWI_D_curmask
0000a858   _SWI_D_curset
0000a850   _SWI_D_execaddr
0000a86c   _SWI_D_inswi
0000a85c   _SWI_D_lock
0000a868   _SWI_D_rdybeg
0000a84c   _SWI_D_runaddr
0000a84c   _SWI_data
00000e50   _SWI_post
0000a840   _SYS
0000a9c8   _SYS_PUTCBEG
0000abc7   _SYS_PUTCEND
000040e0   _SYS_abort
00003c20   _SYS_exit
000095c0   _SYS_exitStack
0000a9a8   _SYS_exitStackPtr
0000a9ac   _SYS_exitStackTop
0000b14c   _TRC_R_mask
0000a990   _TSK
0000941c   _TSK_ATTRS
00009438   _TSK_config
00002fa0   _TSK_exit
0000afd0   _TSK_idle
00009de0   _TSK_init
0000a988   _TSK_nTasks
0000a98c   _TSK_pid
00002a20   _TSK_setup
00003380   _TSK_startup
00009458   _TSK_timerSem
00004280   _UTL_doAbort
00004380   _UTL_doError
00004140   _UTL_doPutc
000043a0   _UTL_halt
00002f70   __CLK_lat1beg
00002f9c   __CLK_lat1end
00000c34   __GBL_setL2CacheMode
0000a848   __HOOK_NUMHOOKS
0000a844   __HOOK_knlId
00001320   __HWI_lat1beg
000014a0   __HWI_lat1end
000014a0   __HWI_lat2beg
00001640   __HWI_lat2end1
000015cc   __HWI_lat2end2
00001660   __HWI_lat3beg
00001760   __HWI_lat3end1
000015fc   __HWI_lat3end2
00003e20   __IDL_lat1beg
00003e70   __IDL_lat1end
0000933c   __IRQ_dispatchTable
00009278   __IRQ_eventTable
00006e00   __IRQ_hookFetchPacket
000092fc   __IRQ_intTable
00003490   __KNL_lat1beg
00003518   __KNL_lat1end
00003ea0   __LOG_lat1beg
00009590   __MCBSP_hDev0
00009594   __MCBSP_hDev1
000094f4   __MEM_mutex
00001e98   __RTA_lat1beg
00001ed0   __RTA_lat1end
00002800   __SEM_dopost
0000a680   __STACK_END
00000400   __STACK_SIZE
00000f8c   __SWI_lat1beg
00001040   __SWI_lat1end
00001044   __SWI_lat2beg
000010b4   __SWI_lat2end
00000de0   __SWI_lat3beg
00000e4c   __SWI_lat3end
000094cc   __TSK_mutex
00009604   ___TI_enable_exit_profile_output
ffffffff   ___TI_pprof_out_hndl
ffffffff   ___TI_prof_data_size
ffffffff   ___TI_prof_data_start
00006cc0   ___add_dtor
000090c8   ___atexit_func_id__
ffffffff   ___binit__
0000a680   ___bss__
ffffffff   ___c_args__
00006e20   ___cinit__
00000000   ___data__
00000000   ___edata__
0000a9c6   ___end__
00006e20   ___etext__
0000b13c   ___pinit__
000043c0   ___text__
00003140   __auto_init
00006360   __c6xabi_strasgi
000095fc   __cleanup_ptr
000043c0   __divd
00009600   __dtors_ptr
00006220   __frcmpyd_div
00006c20   __llshru
00009608   __lock
00006ae0   __mpyll
00006da0   __nop
000066a0   __nround
00006dc0   __register_lock
00006de0   __register_unlock
0000a280   __stack
00006360   __strasgi
00006d00   __trunc
0000960c   __unlock
00006780   _atexit
00009d20   _c_int00
000060c0   _call_dtors
0000951c   _dtors
0000a998   _index
00005060   _init_HWI
00004f9c   _init_hardware
00004f60   _main
00005820   _memcpy
00006860   _modf
000069bc   _mono_read_16Bit
00006994   _mono_write_16Bit
0000a980   _rtdxNullChanCnt
0000a984   _rtdxNullFuncCnt
00009a20   _rtdx_buffer_state
00009a40   _rtdx_mon_state
0000a994   _sample
00005260   _sin
00005198   _sine_init
00006968   _stereo_read_16Bit
00006940   _stereo_write_16Bit
00008cc8   _table
00005dc0   _wait500nS
ffffffff   binit
00006e20   cinit
00000000   edata
0000a9c6   end
00006e20   etext
00000000   hwi0
00000020   hwi1
00000140   hwi10
00000160   hwi11
00000180   hwi12
000001a0   hwi13
000001c0   hwi14
000001e0   hwi15
00000040   hwi2
00000060   hwi3
00000080   hwi4
000000a0   hwi5
000000c0   hwi6
000000e0   hwi7
00000100   hwi8
00000120   hwi9
0000b13c   pinit


GLOBAL SYMBOLS: SORTED BY Symbol Address 

address    name
--------   ----
00000000   .data
00000000   BUF$
00000000   CLK_COUNTSPMSHIGH
00000000   CLK_PRDHIGH
00000000   CLK_TDDR
00000000   CLK_TDDRHIGH
00000000   CLK_TIMERNUM
00000000   DEV$
00000000   DGN$
00000000   DHL$
00000000   DHL_gChannelsAvailable
00000000   DIO$
00000000   DIO_NUMSWIBASE
00000000   DIO_NUMTSKBASE
00000000   DIO_STATIC
00000000   DPI$
00000000   GBL_BIGENDIAN
00000000   GBL_C641XL2PRIORITY
00000000   GBL_CACHE
00000000   GBL_L2CONFIGALLOC
00000000   GBL_L2MARMASK1
00000000   GBL_L2MARMASK2
00000000   GBL_L2MARMASK3
00000000   GBL_L2MARMASK4
00000000   GBL_L2MARMASK5
00000000   GBL_L2MODE
00000000   GBL_L2PRIORITY
00000000   GBL_NULL
00000000   GBL_PROCID
00000000   GBL_ROM
00000000   GBL_SUPPORTCSL
00000000   GIO$
00000000   HOOK$
00000000   HOOK_KNLID
00000000   HST_DSM
00000000   HST_NONE
00000000   HWI_A_VECS
00000000   HWI_GENERATE_RESET_VEC
00000000   HWI_INT10$hwi
00000000   HWI_INT11$hwi
00000000   HWI_INT12$hwi
00000000   HWI_INT13$hwi
00000000   HWI_INT14$hwi
00000000   HWI_INT15$hwi
00000000   HWI_INT4$hwi
00000000   HWI_INT5$hwi
00000000   HWI_INT6$hwi
00000000   HWI_INT7$hwi
00000000   HWI_INT8$hwi
00000000   HWI_INT9$hwi
00000000   HWI_NMI$hwi
00000000   HWI_POLARITYMASK
00000000   HWI_RESERVED0$hwi
00000000   HWI_RESERVED1$hwi
00000000   HWI_RESET
00000000   HWI_RESET$hwi
00000000   IDL_busyObj$iB
00000000   IDL_busyObj$operation
00000000   KNL_swi$ord
00000000   KNL_swi$pri
00000000   KNL_swi$sts$unittype
00000000   KNL_swi$swi
00000000   LOG_system$datatype
00000000   LOG_system$log
00000000   MBX$
00000000   MEM_MALLOCSEG
00000000   MEM_NULL
00000000   MEM_SEGZERO
00000000   MEM_USEMPC
00000000   MEM_gNumHeap
00000000   MSGQ$
00000000   MSGQ_USEMSGQ
00000000   OBJ$
00000000   PIP$
00000000   PIP_gNextId
00000000   POOL$
00000000   POOL_USEPOOL
00000000   PRD_A_TABBEG
00000000   PRD_A_TABEND
00000000   PRD_A_TABLEN
00000000   PRD_SWIHANDLE
00000000   RTA_fromHost$hst
00000000   RTA_fromHost$mode
00000000   RTA_toHost$hst
00000000   RTA_toHost$id
00000000   RTDX_MODE
00000000   RTDX_USERTEXECUTION
00000000   SEM$
00000000   SIO$
00000000   SWI_EHOOKFXN
00000000   SWI_IHOOKFXN
00000000   TSK_NUM_HOOKS
00000000   TSK_READYFXN
00000000   TSK_STACKSEG
00000000   TSK_SWITCHFXN
00000000   TSK_idle$ord
00000000   TSK_idle$pri
00000000   TSK_idle$sts$unittype
00000000   TSK_idle$tsk
00000000   UDEV$
00000000   _CLK_TDDR
00000000   _CLK_TIMERNUM
00000000   _GBL_CACHE
00000000   _HWI_RESET
00000000   _MEM_memtab
00000000   _RTDX_interrupt_mask
00000000   ___data__
00000000   ___edata__
00000000   edata
00000000   hwi0
00000001   BUF_ENABLED
00000001   CLK$
00000001   CLK_CALDIV
00000001   CLK_HTIMEDIV
00000001   CLK_LTIMEDIV
00000001   CLK_USETIMER
00000001   GBL$
00000001   GBL_CALLCSLCFGINIT
00000001   GBL_ENABLEINST
00000001   GBL_L2CONFIGURE
00000001   GBL_L2MARMASK
00000001   GBL_USERINIT
00000001   GBL_boot
00000001   HST$
00000001   HST_RTDX
00000001   HWI$
00000001   HWI_NMI
00000001   HWI_ZEROTAB
00000001   IDL$
00000001   IDL_USECLKIDLTIME
00000001   IDL_busyObj$filter
00000001   IDL_busyObj$iA
00000001   IDL_busyObj$iC
00000001   ISRC$
00000001   KNL_swi$dorta
00000001   KNL_swi$sts$filtmaxmult
00000001   KNL_swi$sts$filtsummult
00000001   LCK$
00000001   LOG$
00000001   LOG_A_TABLEN
00000001   LOG_ENABLED
00000001   MEM$
00000001   PRD$
00000001   QUE$
00000001   RTA_fromHost$id
00000001   RTA_toHost$mode
00000001   RTDX$
00000001   RTDX_NORMALIZED_HDR
00000001   RTDX_USERTDX
00000001   STS$
00000001   SWI$
00000001   SWI_A_TABLEN
00000001   SYS$
00000001   TSK$
00000001   TSK_PRIORITY
00000001   TSK_idle$sts$filtmaxmult
00000001   TSK_idle$sts$filtsummult
00000001   _CLK_USETIMER
00000001   _HWI_NMI
00000001   _LOG_A_TABLEN
00000002   HWI_RESERVED0
00000002   IDL_busyObj$unittype
00000002   KNL_swi$sts$filter
00000002   PIP_A_TABLEN
00000002   PIP_gNumEmbed
00000002   TSK_idle$sts$filter
00000002   _HWI_RESERVED0
00000002   _RTDX_JTAGONLY
00000003   HWI_RESERVED1
00000003   _HWI_RESERVED1
00000004   CLK_CALMULT
00000004   CLK_HTIMEMULT
00000004   HWI_INT4
00000004   RTA_fromHost$framesize
00000004   _HWI_INT4
00000005   HWI_INT5
00000005   _HWI_INT5
00000006   HWI_INT6
00000006   IDL_CALIBRERROR
00000006   _HWI_INT6
00000007   HWI_INT7
00000007   _HWI_INT7
00000008   HWI_INT8
00000008   _HWI_INT8
00000009   HWI_INT9
00000009   _HWI_INT9
0000000a   HWI_INT10
0000000a   _HWI_INT10
0000000b   HWI_INT11
0000000b   _HWI_INT11
0000000c   HWI_INT12
0000000c   _HWI_INT12
0000000d   HWI_INT13
0000000d   _HWI_INT13
0000000e   HWI_INT14
0000000e   _HWI_INT14
0000000f   HWI_INT15
0000000f   _HWI_INT15
00000020   CLK_TCR
00000020   hwi1
0000003e   GBL_DSPTYPE
00000040   HST_MAXFRAMESET
00000040   LOG_system$size
00000040   RTA_toHost$framesize
00000040   hwi2
00000042   GBL_FOOTPRINT
00000060   hwi3
00000064   PIP_OBJSIZE
00000080   hwi4
000000a0   hwi5
000000c0   hwi6
000000e0   hwi7
000000ff   HST_MAXFRAMEALLOWED
00000100   hwi8
00000120   hwi9
00000140   hwi10
00000160   hwi11
00000180   hwi12
000001a0   hwi13
000001c0   hwi14
000001e0   hwi15
00000200   LNK_F_checkBufferCall
00000220   LNK_F_getChanPtr
00000278   LNK_F_init
00000280   LNK_F_dataPump
00000294   LNK_rcloop
00000360   LNK_rdrtry
00000370   LNK_rrloop
000003e8   CLK_MICROSECS
00000400   HST_DSMMEMSIZE
00000400   TSK_STACKSIZE
00000400   __STACK_SIZE
00000408   RTDX_BUFMEMSIZE
00000434   LNK_wrrtry
00000444   LNK_wrloop
00000520   LNK_newin
00000660   LNK_newout
000007c4   LNK_F_readCallBack
00000c34   __GBL_setL2CacheMode
00000de0   SWI_F_enable
00000de0   __SWI_lat3beg
00000e4c   __SWI_lat3end
00000e50   SWI_F_post
00000e50   _SWI_post
00000f8c   __SWI_lat1beg
00000ffc   SWI_EXECFXN
00000ffc   SWI_F_exec
00001028   SWI_F_iexec
00001040   __SWI_lat1end
00001044   __SWI_lat2beg
000010b4   __SWI_lat2end
000010b8   SWI_F_run
000010b8   SWI_RUNFXN
00001320   CLK_HOOKFXN
00001320   HWI_F_dispatch
00001320   _HWI_F_dispatch
00001320   __HWI_lat1beg
000014a0   __HWI_lat1end
000014a0   __HWI_lat2beg
000015cc   __HWI_lat2end2
000015fc   __HWI_lat3end2
00001640   __HWI_lat2end1
00001660   __HWI_lat3beg
00001760   __HWI_lat3end1
00001770   GBL_CLKTYPE
00001780   PRD_F_swi
00001a39   GBL_DSPSUBTYPE
00001a40   PRD_F_tick
00001b20   _KNL_run
00001de0   RTA_F_getlog
00001e24   RTA_F_getsts
00001e6c   RTA_F_readblk
00001e8c   RTA_F_writeword
00001e98   RTA_F_resetmem
00001e98   __RTA_lat1beg
00001ed0   __RTA_lat1end
00001ed8   RTA_F_dispatch
00001f28   RTA_execute
000020a0   _SEM_pendEnterKnl
00002226   GBL_L2ALLOC
000025a0   PRD_THOOKFXN
000025a0   _KNL_tick
000025c0   PIP_F_take
00002654   PIP_F_give
00002654   PIP_F_probe
00002728   PIP_F_start
00002800   __SEM_dopost
00002a20   _TSK_setup
00002c20   _KNL_saveIsrFrame
00002cec   _KNL_switch
00002da0   KNL_glue
00002de0   CLK_F_getltime
00002df4   CLK_F_isr
00002f54   CLK_F_itime
00002f54   _CLK_F_itime
00002f54   _CLK_itime
00002f70   __CLK_lat1beg
00002f9c   __CLK_lat1end
00002fa0   _TSK_exit
00003140   __auto_init
00003380   _TSK_startup
00003440   _KNL_check
00003490   __KNL_lat1beg
00003518   _KNL_idle
00003518   __KNL_lat1end
0000353c   _KNL_max
00003580   _GBL_cslCacheInit
00003660   _KNL_exit
000036b4   _KNL_enter
00003740   _SEM_postEnterKnl
00003820   _SEM_post
00003820   _SEM_postBinary
00003900   _CLK_measure
000039e0   _KNL_ipost
00003aa0   _KNL_post
00003b60   _LCK_post
00003b90   _LCK_pend
00003c20   _SYS_exit
00003ce0   CLK_F_getfhtime
00003d00   CLK_F_gethtime
00003d00   CLK_F_getshtime
00003d00   CLK_TIMEFXN
00003da0   FXN_F_nop
00003da8   FXN_F_run
00003da8   _FXN_F_run
00003df8   FXN_F_zero
00003df8   _FXN_F_zero
00003e20   IDL_F_busy
00003e20   __IDL_lat1beg
00003e70   __IDL_lat1end
00003ea0   LOG_F_event
00003ea0   _LOG_event
00003ea0   __LOG_lat1beg
00003f20   STS_F_delta
00003f20   _STS_delta
00003f58   STS_F_add
00003f58   _STS_add
00003f84   STS_F_reset
00003f84   _STS_reset
00003fa0   IDL_F_calibrate
00004000   CLK_INTBIT
00004000   PRD_SCALAR
00004018   HWI_CFGDISPATCHED
00004018   _HWI_CFGDISPATCHED
00004020   _HWI_disable
00004038   _HWI_enable
0000404c   _HWI_restore
00004080   _SEM_pend
000040e0   _SYS_abort
00004140   SYS_PUTCFXN
00004140   _UTL_doPutc
000041a0   _CLK_start
00004200   IDL_CALIBRFXN
00004200   IDL_F_stub
00004240   RTA_F_andn
00004260   RTA_F_or
00004280   SYS_ABORTFXN
00004280   _UTL_doAbort
000042c0   _CLK_stop
00004300   GIO_CREATEFXN
00004300   GIO_DELETEFXN
00004300   GIO_PENDFXN
00004300   GIO_POSTFXN
00004300   TSK_VCREATEFXN
00004300   TSK_VDELETEFXN
00004300   TSK_VEXITFXN
00004300   _FXN_F_nop
00004320   _GBL_getVersion
00004340   IDL_F_loop
00004340   _IDL_loop
00004360   _STS_set
00004380   SYS_ERRORFXN
00004380   _UTL_doError
000043a0   SYS_EXITFXN
000043a0   _UTL_halt
000043c0   .text
000043c0   ___text__
000043c0   __divd
00004ae0   _DSK6713_wait
00004b84   _DSK6713_waitusec
00004bb8   _DSK6713_rset
00004bcc   _DSK6713_rget
00004c60   _DSK6713_getVersion
00004cb0   _DSK6713_init
00004e20   GBL_CLKIN
00004f60   _main
00004f9c   _init_hardware
00005060   _init_HWI
000050f8   _InterupptSR
00005198   _sine_init
00005205   GBL_A_VERSION
00005260   _sin
00005540   _DSK6713_AIC23_openCodec
00005820   _memcpy
00005a60   _IRQ_map
00005c20   _MCBSP_reset
00005dc0   _wait500nS
00005de8   GBL_USERINITFXN
00005de8   _GBL_setPLLto225MHz
00005f40   _DSK6713_AIC23_rset
00006008   _DSK6713_AIC23_rget
0000602c   _DSK6713_AIC23_config
000060c0   _call_dtors
00006220   __frcmpyd_div
00006360   __c6xabi_strasgi
00006360   __strasgi
000064a0   _MCBSP_open
000065a0   _MCBSP_start
000066a0   __nround
00006780   _atexit
00006860   _modf
00006940   _stereo_write_16Bit
00006968   _stereo_read_16Bit
00006994   _mono_write_16Bit
000069bc   _mono_read_16Bit
00006ae0   __mpyll
00006c20   __llshru
00006c80   _IRQ_enable
00006cc0   ___add_dtor
00006d00   __trunc
00006d40   _IRQ_globalDisable
00006d60   _IRQ_globalEnable
00006d80   _IRQ_nmiEnable
00006da0   __nop
00006dc0   __register_lock
00006de0   __register_unlock
00006e00   __IRQ_hookFetchPacket
00006e20   ___cinit__
00006e20   ___etext__
00006e20   cinit
00006e20   etext
00007dec   RTA_fromHost$buf
00007e00   _RTDX_Poll
00008200   _RTDX_Buffer_WriteCB
00008840   _RTDX_Mon_Queue
00008a60   _RTDX_Init_RT_Monitor
00008ae0   _RTDX_Buffer_Initialize
00008b40   _RTDX_Buffer_ReadCB
00008ba0   _RTDX_Buffer_Size
00008be0   _RTDX_Final_RT_Monitor
00008c20   _RTDX_Buffer_Read
00008c40   _RTDX_Buffer_Write
00008c80   _RTDX_Mask_IER
00008ca0   _Config
00008cc8   _table
000090c8   ___atexit_func_id__
00009278   __IRQ_eventTable
000092fc   __IRQ_intTable
0000933c   __IRQ_dispatchTable
00009344   _KNL_queues
000093e4   _KNL_dummy
0000941c   _TSK_ATTRS
00009438   _TSK_config
00009458   _TSK_timerSem
00009478   _OBJ_table
000094b0   _OBJ_segtab
000094cc   __TSK_mutex
000094f4   __MEM_mutex
0000951c   _dtors
00009590   __MCBSP_hDev0
00009594   __MCBSP_hDev1
000095c0   _SYS_exitStack
000095fc   __cleanup_ptr
00009600   __dtors_ptr
00009604   ___TI_enable_exit_profile_output
00009608   __lock
0000960c   __unlock
00009610   _RTDX_Buffer
00009a18   _RTDX_Buffer_Start
00009a1c   _RTDX_Buffer_End
00009a20   _rtdx_buffer_state
00009a2c   _RTDX_writing
00009a40   _rtdx_mon_state
00009a60   BIOS_init
00009a60   _BIOS_init
00009bc4   BIOS$$CLKON
00009c04   BIOS$$CLKOFF
00009c6c   BIOS_start
00009c6c   _BIOS_start
00009d20   _c_int00
00009de0   _TSK_init
00009e60   _OBJ_init
00009e80   TSK_idle$stack
0000a218   TSK_idle$stkptr
0000a280   GBL_stackbeg
0000a280   _HWI_STKTOP
0000a280   __stack
0000a678   _HWI_STKBOTTOM
0000a67f   GBL_stackend
0000a680   $bss
0000a680   .bss
0000a680   _HWI_dispatchTab
0000a680   __STACK_END
0000a680   ___bss__
0000a780   IDL_D_tabbeg
0000a784   IDL_D_calibrate
0000a788   IDL_D_calbeg
0000a78c   LOG_D_system
0000a78c   _LOG_D_system
0000a790   PIP_D_tabbeg
0000a794   PIP_D_tablen
0000a798   CLK_R_time
0000a79c   CLK_D_timefxn
0000a7a0   CLK_D_tabbeg
0000a7a4   CLK_D_isrhook
0000a7a8   CLK_D_idletime
0000a7ac   _CLK_htimeDiv
0000a7b0   _CLK_htimeMult
0000a7b4   _CLK_ltimeDiv
0000a7b8   _CLK_ltimeMult
0000a7bc   _CLK_D_dirty
0000a7c0   _CLK_D_prd
0000a7c4   _CLK_D_tddr
0000a7c8   _CLK_D_countspms
0000a7cc   PRD_D_tick
0000a7cc   _PRD_D_tick
0000a7d0   PRD_D_cur
0000a7d4   PRD_D_elapsed
0000a7d8   PRD_D_prevtim
0000a7dc   PRD_D_scalar
0000a7e0   PRD_D_swihandle
0000a7e4   PRD_D_tabbeg
0000a7e8   PRD_D_tablen
0000a7ec   PRD_D_thook
0000a7f0   RTA_D_fromHost
0000a7f4   RTA_D_toHost
0000a7f8   RTA_D_logval
0000a808   RTA_D_stsval
0000a814   HST_D_chanmask
0000a818   HST_D_tabbeg
0000a81c   HST_D_tabend
0000a820   _GBL_procId
0000a824   _GBL_clkIn
0000a828   _GBL_freq
0000a82c   _MEM_D_NUMSEGMENTS
0000a830   _MEM_D_memtab
0000a834   _MEM_D_freelist
0000a838   _MEM_D_lockaddr
0000a83c   _MEM_D_unlockaddr
0000a840   _SYS
0000a844   __HOOK_knlId
0000a848   __HOOK_NUMHOOKS
0000a84c   SWI_D_runaddr
0000a84c   _SWI_D_runaddr
0000a84c   _SWI_data
0000a850   SWI_D_execaddr
0000a850   _SWI_D_execaddr
0000a854   SWI_D_curmask
0000a854   _SWI_D_curmask
0000a858   SWI_D_curset
0000a858   _SWI_D_curset
0000a85c   SWI_D_lock
0000a85c   _SWI_D_lock
0000a860   SWI_D_curmbox
0000a864   SWI_D_curfxn
0000a864   _SWI_D_curfxn
0000a868   SWI_D_rdybeg
0000a868   _SWI_D_rdybeg
0000a86c   SWI_D_inswi
0000a86c   _SWI_D_inswi
0000a870   SWI_D_rdytab
0000a8e8   _KNL_wFlag
0000a8ec   _KNL_wList
0000a8f0   _KNL_alarm
0000a8f4   _KNL_setpri
0000a8f8   _KNL_inactive
0000a8fc   _KNL_priority
0000a900   _KNL_set
0000a904   _KNL_curtask
0000a908   _KNL_prevtask
0000a90c   _KNL_curtime
0000a910   _KNL_swiptr
0000a914   _KNL_curqueue
0000a918   _KNL_maxqueue
0000a91c   _KNL_tswitchfxn
0000a920   _KNL_tcreatefxn
0000a924   _KNL_tdeletefxn
0000a928   _KNL_treadyfxn
0000a92c   _KNL_idlefxn
0000a930   HWI_D_spsave
0000a930   _HWI_D_spsave
0000a930   _HWI_data
0000a93c   _HWI_D_inhwi
0000a940   HWI_D_bss
0000a944   HWI_D_ccmask
0000a948   RTA_fromHost$pipe$dtab
0000a954   RTA_toHost$pipe$dtab
0000a960   LNK_dspFrameRequestMask
0000a960   _LNK_dspFrameRequestMask
0000a964   LNK_dspFrameReadyMask
0000a964   _LNK_dspFrameReadyMask
0000a968   LNK_readPend
0000a968   _LNK_readPend
0000a96c   LNK_readDone
0000a96c   _LNK_readDone
0000a970   LNK_readFail
0000a970   _LNK_readFail
0000a974   LNK_writeFail
0000a974   _LNK_writeFail
0000a980   _rtdxNullChanCnt
0000a984   _rtdxNullFuncCnt
0000a988   _TSK_nTasks
0000a98c   _TSK_pid
0000a990   _TSK
0000a994   _sample
0000a998   _index
0000a99c   _H_Codec
0000a9a0   _CLK_DFLTMICROSECS
0000a9a4   _CLK_D_microseconds
0000a9a8   _SYS_exitStackPtr
0000a9ac   _SYS_exitStackTop
0000a9b0   _DSK6713_AIC23_codeccontrolhandle
0000a9b4   _DSK6713_AIC23_codecdatahandle
0000a9b8   _CLK_htimePerLtime
0000a9c0   IDL_D_busyObj
0000a9c4   _DSK6713_version
0000a9c6   ___end__
0000a9c6   end
0000a9c8   _SYS_PUTCBEG
0000abc7   _SYS_PUTCEND
0000abc8   KNL_swi$sts$stsobj
0000abc8   STS_A_TABBEG
0000abc8   _STS_A_TABBEG
0000abcc   KNL_swi$sts
0000abd8   TSK_idle$sts$stsobj
0000abdc   TSK_idle$sts
0000abe8   IDL_busyObj$stsobj
0000abec   IDL_busyObj
0000abec   _IDL_busyObj
0000abf8   CLK_A_TABBEG
0000abf8   PRD_clock
0000abf8   STS_A_TABEND
0000abf8   _PRD_clock
0000abf8   _STS_A_TABEND
0000abfc   CLK_null
0000ac00   LOG_system$buf
0000ad00   RTA_toHost$buf
0000aef9   KNL_swi$sts$maxfmt
0000aefc   PIP_A_TABBEG
0000aefc   RTA_fromHost$pipe
0000aefc   _PIP_A_TABBEG
0000af00   RTA_fromHost$pipe$rd
0000af01   KNL_swi$sts$sumfmt
0000af09   KNL_swi$sts$avgfmt
0000af13   TSK_idle$sts$maxfmt
0000af1b   TSK_idle$sts$sumfmt
0000af23   TSK_idle$sts$avgfmt
0000af2c   RTA_fromHost$pipe$aaa
0000af2d   IDL_busyObj$maxfmt
0000af30   IDL_busyObj$sumfmt
0000af30   RTA_fromHost$pipe$wr
0000af33   IDL_busyObj$avgfmt
0000af5c   RTA_fromHost$pipe$bbb
0000af60   RTA_toHost$pipe
0000af64   RTA_toHost$pipe$rd
0000af90   RTA_toHost$pipe$aaa
0000af94   RTA_toHost$pipe$wr
0000afc0   RTA_toHost$pipe$bbb
0000afc4   PIP_A_TABEND
0000afc4   _PIP_A_TABEND
0000afd0   TSK_idle
0000afd0   _TSK_idle
0000b064   HST_A_TABBEG
0000b064   _HST_A_TABBEG
0000b068   RTA_fromHost
0000b068   _RTA_fromHost
0000b070   RTA_fromHost$rtdx
0000b084   RTA_toHost
0000b084   _RTA_toHost
0000b08c   RTA_toHost$rtdx
0000b0a0   HST_A_TABEND
0000b0a0   KNL_swi
0000b0a0   SWI_A_TABBEG
0000b0a0   _HST_A_TABEND
0000b0a0   _KNL_swi
0000b0cc   SWI_A_TABEND
0000b0f4   LOG_A_TABBEG
0000b0f4   LOG_system
0000b0f4   _LOG_A_TABBEG
0000b0f4   _LOG_system
0000b10c   IDL_A_TABBEG
0000b10c   IDL_cpuLoad
0000b10c   LOG_A_TABEND
0000b10c   _IDL_cpuLoad
0000b10c   _LOG_A_TABEND
0000b110   LNK_dataPump
0000b110   _LNK_dataPump
0000b114   RTA_dispatcher
0000b114   _RTA_dispatcher
0000b118   IDL_END
0000b11c   IDL_A_CALBEG
0000b11c   IDL_cpuLoad$
0000b120   LNK_dataPump$
0000b124   RTA_dispatcher$
0000b128   IDL_END$
0000b12c   SYS$config
0000b13c   ___pinit__
0000b13c   pinit
0000b148   TRC_cinit
0000b14c   TRC_R_mask
0000b14c   _TRC_R_mask
0000b150   GBL_initdone
0000dbba   CLK_COUNTSPMS
0000dbba   CLK_HTIMEPERLTIME
0000dbba   CLK_PRD
0000dbba   _CLK_COUNTSPMS
0000dbba   _CLK_PRD
0000dbef   GBL_TRCMASKVALUE
00036ee8   CLK_LTIMEMULT
00036ee8   GBL_FREQ
01940000   CLK_REGS
01940000   _CLK_REGS
082039a3   HWI_INTRMULTHIGH
310718ae   HWI_INTRMULTLOW
ffffffff   HST_DSMBUFSEG
ffffffff   IRAM
ffffffff   RTDX_DATAMEMSEG
ffffffff   SDRAM
ffffffff   _IRAM
ffffffff   _SDRAM
ffffffff   ___TI_pprof_out_hndl
ffffffff   ___TI_prof_data_size
ffffffff   ___TI_prof_data_start
ffffffff   ___binit__
ffffffff   ___c_args__
ffffffff   binit

[726 symbols]
